ARM Linker, 4.1 [Build 644] [Standard]

==============================================================================

Section Cross References

    stm32f10x.o(RESET) refers to stm32f10x.o(STACK) for __initial_sp
    stm32f10x.o(RESET) refers to stm32f10x.o(.text) for Reset_Handler
    stm32f10x.o(RESET) refers to stm32f10x_it.o(i.NMIException) for NMIException
    stm32f10x.o(RESET) refers to stm32f10x_it.o(i.HardFaultException) for HardFaultException
    stm32f10x.o(RESET) refers to stm32f10x_it.o(i.MemManageException) for MemManageException
    stm32f10x.o(RESET) refers to stm32f10x_it.o(i.BusFaultException) for BusFaultException
    stm32f10x.o(RESET) refers to stm32f10x_it.o(i.UsageFaultException) for UsageFaultException
    stm32f10x.o(RESET) refers to stm32f10x_it.o(i.SVCHandler) for SVCHandler
    stm32f10x.o(RESET) refers to stm32f10x_it.o(i.DebugMonitor) for DebugMonitor
    stm32f10x.o(RESET) refers to stm32f10x_it.o(i.PendSVC) for PendSVC
    stm32f10x.o(RESET) refers to stm32f10x_it.o(i.SysTickHandler) for SysTickHandler
    stm32f10x.o(RESET) refers to stm32f10x_it.o(i.WWDG_IRQHandler) for WWDG_IRQHandler
    stm32f10x.o(RESET) refers to stm32f10x_it.o(i.PVD_IRQHandler) for PVD_IRQHandler
    stm32f10x.o(RESET) refers to stm32f10x_it.o(i.TAMPER_IRQHandler) for TAMPER_IRQHandler
    stm32f10x.o(RESET) refers to stm32f10x_it.o(i.RTC_IRQHandler) for RTC_IRQHandler
    stm32f10x.o(RESET) refers to stm32f10x_it.o(i.FLASH_IRQHandler) for FLASH_IRQHandler
    stm32f10x.o(RESET) refers to stm32f10x_it.o(i.RCC_IRQHandler) for RCC_IRQHandler
    stm32f10x.o(RESET) refers to stm32f10x_it.o(i.EXTI0_IRQHandler) for EXTI0_IRQHandler
    stm32f10x.o(RESET) refers to stm32f10x_it.o(i.EXTI1_IRQHandler) for EXTI1_IRQHandler
    stm32f10x.o(RESET) refers to stm32f10x_it.o(i.EXTI2_IRQHandler) for EXTI2_IRQHandler
    stm32f10x.o(RESET) refers to stm32f10x_it.o(i.EXTI3_IRQHandler) for EXTI3_IRQHandler
    stm32f10x.o(RESET) refers to stm32f10x_it.o(i.EXTI4_IRQHandler) for EXTI4_IRQHandler
    stm32f10x.o(RESET) refers to stm32f10x_it.o(i.DMAChannel1_IRQHandler) for DMAChannel1_IRQHandler
    stm32f10x.o(RESET) refers to stm32f10x_it.o(i.DMAChannel2_IRQHandler) for DMAChannel2_IRQHandler
    stm32f10x.o(RESET) refers to stm32f10x_it.o(i.DMAChannel3_IRQHandler) for DMAChannel3_IRQHandler
    stm32f10x.o(RESET) refers to stm32f10x_it.o(i.DMAChannel4_IRQHandler) for DMAChannel4_IRQHandler
    stm32f10x.o(RESET) refers to stm32f10x_it.o(i.DMAChannel5_IRQHandler) for DMAChannel5_IRQHandler
    stm32f10x.o(RESET) refers to stm32f10x_it.o(i.DMAChannel6_IRQHandler) for DMAChannel6_IRQHandler
    stm32f10x.o(RESET) refers to stm32f10x_it.o(i.DMAChannel7_IRQHandler) for DMAChannel7_IRQHandler
    stm32f10x.o(RESET) refers to stm32f10x_it.o(i.ADC_IRQHandler) for ADC_IRQHandler
    stm32f10x.o(RESET) refers to stm32f10x_it.o(i.USB_HP_CAN_TX_IRQHandler) for USB_HP_CAN_TX_IRQHandler
    stm32f10x.o(RESET) refers to stm32f10x_it.o(i.USB_LP_CAN_RX0_IRQHandler) for USB_LP_CAN_RX0_IRQHandler
    stm32f10x.o(RESET) refers to stm32f10x_it.o(i.CAN_RX1_IRQHandler) for CAN_RX1_IRQHandler
    stm32f10x.o(RESET) refers to stm32f10x_it.o(i.CAN_SCE_IRQHandler) for CAN_SCE_IRQHandler
    stm32f10x.o(RESET) refers to stm32f10x_it.o(i.EXTI9_5_IRQHandler) for EXTI9_5_IRQHandler
    stm32f10x.o(RESET) refers to stm32f10x_it.o(i.TIM1_BRK_IRQHandler) for TIM1_BRK_IRQHandler
    stm32f10x.o(RESET) refers to stm32f10x_it.o(i.TIM1_UP_IRQHandler) for TIM1_UP_IRQHandler
    stm32f10x.o(RESET) refers to stm32f10x_it.o(i.TIM1_TRG_COM_IRQHandler) for TIM1_TRG_COM_IRQHandler
    stm32f10x.o(RESET) refers to stm32f10x_it.o(i.TIM1_CC_IRQHandler) for TIM1_CC_IRQHandler
    stm32f10x.o(RESET) refers to stm32f10x_it.o(i.TIM2_IRQHandler) for TIM2_IRQHandler
    stm32f10x.o(RESET) refers to stm32f10x_it.o(i.TIM3_IRQHandler) for TIM3_IRQHandler
    stm32f10x.o(RESET) refers to stm32f10x_it.o(i.TIM4_IRQHandler) for TIM4_IRQHandler
    stm32f10x.o(RESET) refers to stm32f10x_it.o(i.I2C1_EV_IRQHandler) for I2C1_EV_IRQHandler
    stm32f10x.o(RESET) refers to stm32f10x_it.o(i.I2C1_ER_IRQHandler) for I2C1_ER_IRQHandler
    stm32f10x.o(RESET) refers to stm32f10x_it.o(i.I2C2_EV_IRQHandler) for I2C2_EV_IRQHandler
    stm32f10x.o(RESET) refers to stm32f10x_it.o(i.I2C2_ER_IRQHandler) for I2C2_ER_IRQHandler
    stm32f10x.o(RESET) refers to stm32f10x_it.o(i.SPI1_IRQHandler) for SPI1_IRQHandler
    stm32f10x.o(RESET) refers to stm32f10x_it.o(i.SPI2_IRQHandler) for SPI2_IRQHandler
    stm32f10x.o(RESET) refers to stm32f10x_it.o(i.USART1_IRQHandler) for USART1_IRQHandler
    stm32f10x.o(RESET) refers to stm32f10x_it.o(i.USART2_IRQHandler) for USART2_IRQHandler
    stm32f10x.o(RESET) refers to stm32f10x_it.o(i.USART3_IRQHandler) for USART3_IRQHandler
    stm32f10x.o(RESET) refers to stm32f10x_it.o(i.EXTI15_10_IRQHandler) for EXTI15_10_IRQHandler
    stm32f10x.o(RESET) refers to stm32f10x_it.o(i.RTCAlarm_IRQHandler) for RTCAlarm_IRQHandler
[...]
    .constdata                               0x080181d8   Section        8  qnan.o(.constdata)
    .constdata                               0x080181e0   Section      200  rred.o(.constdata)
    pio2s                                    0x080181e0   Data          48  rred.o(.constdata)
    twooverpi                                0x08018210   Data         152  rred.o(.constdata)
    .constdata                               0x080182a8   Section       40  sin_i.o(.constdata)
    S                                        0x080182a8   Data          40  sin_i.o(.constdata)
    .constdata                               0x080182d0   Section       96  tan_i.o(.constdata)
    Todd                                     0x080182d0   Data          48  tan_i.o(.constdata)
    Teven                                    0x08018300   Data          48  tan_i.o(.constdata)
    .conststring                             0x08018330   Section     6134  rs274ngc_pre.o(.conststring)
    .data                                    0x20000000   Section        5  main.o(.data)
    .data                                    0x20000008   Section      152  canon_pre.o(.data)
    _active_plane                            0x20000008   Data           4  canon_pre.o(.data)
    _active_slot                             0x2000000c   Data           4  canon_pre.o(.data)
    _feed_rate                               0x20000010   Data           8  canon_pre.o(.data)
    _flood                                   0x20000018   Data           4  canon_pre.o(.data)
    _length_unit_factor                      0x20000020   Data           8  canon_pre.o(.data)
    _length_unit_type                        0x20000028   Data           4  canon_pre.o(.data)
    _line_number                             0x2000002c   Data           4  canon_pre.o(.data)
    _mist                                    0x20000030   Data           4  canon_pre.o(.data)
    _motion_mode                             0x20000034   Data           4  canon_pre.o(.data)
    _probe_position_x                        0x20000038   Data           8  canon_pre.o(.data)
    _probe_position_y                        0x20000040   Data           8  canon_pre.o(.data)
    _probe_position_z                        0x20000048   Data           8  canon_pre.o(.data)
    _program_origin_x                        0x20000050   Data           8  canon_pre.o(.data)
    _program_origin_y                        0x20000058   Data           8  canon_pre.o(.data)
    _program_origin_z                        0x20000060   Data           8  canon_pre.o(.data)
    _program_position_x                      0x20000068   Data           8  canon_pre.o(.data)
    _program_position_y                      0x20000070   Data           8  canon_pre.o(.data)
    _program_position_z                      0x20000078   Data           8  canon_pre.o(.data)
    _spindle_speed                           0x20000088   Data           8  canon_pre.o(.data)
    _spindle_turning                         0x20000090   Data           4  canon_pre.o(.data)
    _traverse_rate                           0x20000098   Data           8  canon_pre.o(.data)
    .data                                    0x200000a0   Section     2328  rs274ngc_pre.o(.data)
    name                                     0x200003bc   Data          18  rs274ngc_pre.o(.data)
    name                                     0x200003ce   Data          16  rs274ngc_pre.o(.data)
    name                                     0x200003de   Data          13  rs274ngc_pre.o(.data)
    name                                     0x200003eb   Data          11  rs274ngc_pre.o(.data)
    name                                     0x200003f6   Data          14  rs274ngc_pre.o(.data)
    name                                     0x20000404   Data          12  rs274ngc_pre.o(.data)
    name                                     0x20000410   Data          14  rs274ngc_pre.o(.data)
    name                                     0x2000041e   Data          18  rs274ngc_pre.o(.data)
    name                                     0x20000430   Data          19  rs274ngc_pre.o(.data)
    name                                     0x20000443   Data          12  rs274ngc_pre.o(.data)
    name                                     0x2000044f   Data          13  rs274ngc_pre.o(.data)
    name                                     0x2000045c   Data          18  rs274ngc_pre.o(.data)
    name                                     0x2000046e   Data          18  rs274ngc_pre.o(.data)
    name                                     0x20000480   Data          21  rs274ngc_pre.o(.data)
    name                                     0x20000495   Data          21  rs274ngc_pre.o(.data)
    name                                     0x200004aa   Data          26  rs274ngc_pre.o(.data)
    name                                     0x200004c4   Data          28  rs274ngc_pre.o(.data)
    name                                     0x200004e0   Data          31  rs274ngc_pre.o(.data)
    name                                     0x200004ff   Data          14  rs274ngc_pre.o(.data)
    name                                     0x2000050d   Data          18  rs274ngc_pre.o(.data)
    name                                     0x2000051f   Data          18  rs274ngc_pre.o(.data)
    name                                     0x20000531   Data          18  rs274ngc_pre.o(.data)
    name                                     0x20000543   Data          18  rs274ngc_pre.o(.data)
    name                                     0x20000555   Data          18  rs274ngc_pre.o(.data)
    name                                     0x20000567   Data          18  rs274ngc_pre.o(.data)
    name                                     0x20000579   Data          18  rs274ngc_pre.o(.data)
    name                                     0x2000058b   Data          18  rs274ngc_pre.o(.data)
    name                                     0x2000059d   Data          18  rs274ngc_pre.o(.data)
    name                                     0x200005af   Data          17  rs274ngc_pre.o(.data)
    name                                     0x200005c0   Data          17  rs274ngc_pre.o(.data)
    name                                     0x200005d1   Data          17  rs274ngc_pre.o(.data)
    name                                     0x200005e2   Data          22  rs274ngc_pre.o(.data)
    name                                     0x200005f8   Data          18  rs274ngc_pre.o(.data)
    name                                     0x2000060a   Data          10  rs274ngc_pre.o(.data)
    name                                     0x20000614   Data          13  rs274ngc_pre.o(.data)
    name                                     0x20000621   Data          21  rs274ngc_pre.o(.data)
    name                                     0x20000636   Data          10  rs274ngc_pre.o(.data)
    name                                     0x20000640   Data          16  rs274ngc_pre.o(.data)
    name                                     0x20000650   Data          15  rs274ngc_pre.o(.data)
    name                                     0x2000065f   Data          14  rs274ngc_pre.o(.data)
    name                                     0x2000066d   Data          21  rs274ngc_pre.o(.data)
    name                                     0x20000682   Data          14  rs274ngc_pre.o(.data)
    name                                     0x20000690   Data          18  rs274ngc_pre.o(.data)
    name                                     0x200006a2   Data          13  rs274ngc_pre.o(.data)
    name                                     0x200006af   Data          17  rs274ngc_pre.o(.data)
    name                                     0x200006c0   Data          23  rs274ngc_pre.o(.data)
    name                                     0x200006d7   Data          23  rs274ngc_pre.o(.data)
    name                                     0x200006ee   Data          20  rs274ngc_pre.o(.data)
    name                                     0x20000702   Data          27  rs274ngc_pre.o(.data)
    name                                     0x2000071d   Data          20  rs274ngc_pre.o(.data)
    name                                     0x20000731   Data          11  rs274ngc_pre.o(.data)
    name                                     0x2000073c   Data          15  rs274ngc_pre.o(.data)
    name                                     0x2000074b   Data          14  rs274ngc_pre.o(.data)
    name                                     0x20000759   Data          15  rs274ngc_pre.o(.data)
    name                                     0x20000768   Data          16  rs274ngc_pre.o(.data)
    name                                     0x20000778   Data          16  rs274ngc_pre.o(.data)
    name                                     0x20000788   Data          14  rs274ngc_pre.o(.data)
    name                                     0x20000796   Data          14  rs274ngc_pre.o(.data)
    name                                     0x200007a4   Data          27  rs274ngc_pre.o(.data)
    name                                     0x200007bf   Data          11  rs274ngc_pre.o(.data)
    name                                     0x200007ca   Data           7  rs274ngc_pre.o(.data)
    name                                     0x200007d1   Data          10  rs274ngc_pre.o(.data)
    name                                     0x200007db   Data           7  rs274ngc_pre.o(.data)
    name                                     0x200007e2   Data           7  rs274ngc_pre.o(.data)
    name                                     0x200007e9   Data          13  rs274ngc_pre.o(.data)
    name                                     0x200007f6   Data           7  rs274ngc_pre.o(.data)
    name                                     0x200007fd   Data           7  rs274ngc_pre.o(.data)
    name                                     0x20000804   Data           7  rs274ngc_pre.o(.data)
    name                                     0x2000080b   Data           7  rs274ngc_pre.o(.data)
    name                                     0x20000812   Data           7  rs274ngc_pre.o(.data)
    name                                     0x20000819   Data          22  rs274ngc_pre.o(.data)
    name                                     0x2000082f   Data          19  rs274ngc_pre.o(.data)
    name                                     0x20000842   Data          11  rs274ngc_pre.o(.data)
    name                                     0x2000084d   Data           7  rs274ngc_pre.o(.data)
    name                                     0x20000854   Data           7  rs274ngc_pre.o(.data)
    name                                     0x2000085b   Data           7  rs274ngc_pre.o(.data)
    name                                     0x20000862   Data          17  rs274ngc_pre.o(.data)
    name                                     0x20000873   Data           7  rs274ngc_pre.o(.data)
    name                                     0x2000087a   Data          14  rs274ngc_pre.o(.data)
    name                                     0x20000888   Data          15  rs274ngc_pre.o(.data)
    name                                     0x20000897   Data          21  rs274ngc_pre.o(.data)
    name                                     0x200008ac   Data           7  rs274ngc_pre.o(.data)
    name                                     0x200008b3   Data          15  rs274ngc_pre.o(.data)
    name                                     0x200008c2   Data          23  rs274ngc_pre.o(.data)
    name                                     0x200008d9   Data           7  rs274ngc_pre.o(.data)
    name                                     0x200008e0   Data           7  rs274ngc_pre.o(.data)
    name                                     0x200008e7   Data          21  rs274ngc_pre.o(.data)
    name                                     0x200008fc   Data          17  rs274ngc_pre.o(.data)
    name                                     0x2000090d   Data          16  rs274ngc_pre.o(.data)
    name                                     0x2000091d   Data           7  rs274ngc_pre.o(.data)
    name                                     0x20000924   Data           7  rs274ngc_pre.o(.data)
    name                                     0x2000092b   Data          10  rs274ngc_pre.o(.data)
    name                                     0x20000935   Data          11  rs274ngc_pre.o(.data)
    name                                     0x20000940   Data           7  rs274ngc_pre.o(.data)
    name                                     0x20000947   Data           7  rs274ngc_pre.o(.data)
    name                                     0x2000094e   Data           7  rs274ngc_pre.o(.data)
    name                                     0x20000955   Data          15  rs274ngc_pre.o(.data)
    name                                     0x20000964   Data          17  rs274ngc_pre.o(.data)
    name                                     0x20000975   Data          14  rs274ngc_pre.o(.data)
    name                                     0x20000983   Data          14  rs274ngc_pre.o(.data)
    name                                     0x20000991   Data          14  rs274ngc_pre.o(.data)
    name                                     0x2000099f   Data          25  rs274ngc_pre.o(.data)
    .data                                    0x200009b8   Section        8  stm32f10x_rcc.o(.data)
    HSEStatus                                0x200009b8   Data           1  stm32f10x_rcc.o(.data)
    StartUpCounter                           0x200009bc   Data           4  stm32f10x_rcc.o(.data)
    .data                                    0x200009c0   Section        4  stdout.o(.data)
    .data                                    0x200009c4   Section        4  stderr.o(.data)
    .data                                    0x200009c8   Section        4  stdin.o(.data)
    .data                                    0x200009cc   Section        4  errno.o(.data)
    _errno                                   0x200009cc   Data           4  errno.o(.data)
    .bss                                     0x200009d0   Section     3176  canon_pre.o(.bss)
    .bss                                     0x20001638   Section    52616  rs274ngc_pre.o(.bss)
    _setup                                   0x20001638   Data       52616  rs274ngc_pre.o(.bss)
    STACK                                    0x2000e3c0   Section      512  stm32f10x.o(STACK)

    Global Symbols

    Symbol Name                              Value     Ov Type        Size  Object(Section)

    BuildAttributes$$THM_ISAv4$P$D$K$B$S$PE$A:L22UL41UL21$X:L11$S22US41US21$IEEE1$IW$USESV6$~STKCKD$USESV7$~SHL$OTIME$ROPI$IEEEX$EBA8$MICROLIB$REQ8$PRES8$EABIv2 0x00000000   Number         0  anon$$obj.o ABSOLUTE
    _printf_a                                0x00000000   Number         0  stubs.o ABSOLUTE
    _printf_c                                0x00000000   Number         0  stubs.o ABSOLUTE
    _printf_charcount                        0x00000000   Number         0  stubs.o ABSOLUTE
    _printf_d                                0x00000000   Number         0  stubs.o ABSOLUTE
    _printf_e                                0x00000000   Number         0  stubs.o ABSOLUTE
    _printf_f                                0x00000000   Number         0  stubs.o ABSOLUTE
    _printf_flags                            0x00000000   Number         0  stubs.o ABSOLUTE
    _printf_fp_dec                           0x00000000   Number         0  stubs.o ABSOLUTE
    _printf_fp_hex                           0x00000000   Number         0  stubs.o ABSOLUTE
    _printf_g                                0x00000000   Number         0  stubs.o ABSOLUTE
    _printf_i                                0x00000000   Number         0  stubs.o ABSOLUTE
    _printf_int_dec                          0x00000000   Number         0  stubs.o ABSOLUTE
    _printf_l                                0x00000000   Number         0  stubs.o ABSOLUTE
    _printf_lc                               0x00000000   Number         0  stubs.o ABSOLUTE
    _printf_ll                               0x00000000   Number         0  stubs.o ABSOLUTE
    _printf_lld                              0x00000000   Number         0  stubs.o ABSOLUTE
    _printf_lli                              0x00000000   Number         0  stubs.o ABSOLUTE
    _printf_llo                              0x00000000   Number         0  stubs.o ABSOLUTE
    _printf_llu                              0x00000000   Number         0  stubs.o ABSOLUTE
    _printf_llx                              0x00000000   Number         0  stubs.o ABSOLUTE
    _printf_longlong_dec                     0x00000000   Number         0  stubs.o ABSOLUTE
    _printf_longlong_hex                     0x00000000   Number         0  stubs.o ABSOLUTE
    _printf_longlong_oct                     0x00000000   Number         0  stubs.o ABSOLUTE
    _printf_ls                               0x00000000   Number         0  stubs.o ABSOLUTE
    _printf_mbtowc                           0x00000000   Number         0  stubs.o ABSOLUTE
    _printf_n                                0x00000000   Number         0  stubs.o ABSOLUTE
    _printf_o                                0x00000000   Number         0  stubs.o ABSOLUTE
    _printf_p                                0x00000000   Number         0  stubs.o ABSOLUTE
    _printf_percent                          0x00000000   Number         0  stubs.o ABSOLUTE
    _printf_pre_padding                      0x00000000   Number         0  stubs.o ABSOLUTE
    _printf_return_value                     0x00000000   Number         0  stubs.o ABSOLUTE
    _printf_s                                0x00000000   Number         0  stubs.o ABSOLUTE
    _printf_sizespec                         0x00000000   Number         0  stubs.o ABSOLUTE
    _printf_str                              0x00000000   Number         0  stubs.o ABSOLUTE
    _printf_truncate_signed                  0x00000000   Number         0  stubs.o ABSOLUTE
    _printf_truncate_unsigned                0x00000000   Number         0  stubs.o ABSOLUTE
    _printf_u                                0x00000000   Number         0  stubs.o ABSOLUTE
    _printf_wc                               0x00000000   Number         0  stubs.o ABSOLUTE
    _printf_wctomb                           0x00000000   Number         0  stubs.o ABSOLUTE
    _printf_widthprec                        0x00000000   Number         0  stubs.o ABSOLUTE
    _printf_x                                0x00000000   Number         0  stubs.o ABSOLUTE
    _scanf_longlong                           - Undefined Weak Reference
    _scanf_string                             - Undefined Weak Reference
    __Vectors                                0x08000000   Data           4  stm32f10x.o(RESET)
    __main                                   0x080000ed   Thumb Code     0  entry.o(.ARM.Collect$$$$00000000)
    _main_stk                                0x080000ed   Thumb Code     0  entry2.o(.ARM.Collect$$$$00000001)
    _main_scatterload                        0x080000f1   Thumb Code     0  entry5.o(.ARM.Collect$$$$00000004)
    __main_after_scatterload                 0x080000f5   Thumb Code     0  entry5.o(.ARM.Collect$$$$00000004)
    _main_init                               0x080000f5   Thumb Code     0  entry7.o(.ARM.Collect$$$$00000007)
    Reset_Handler                            0x08000101   Thumb Code     4  stm32f10x.o(.text)
    fgetc                                    0x08000109   Thumb Code     8  fgetc.o(.text)
    __rt_ctype_table                         0x08000111   Thumb Code     4  ctype_o.o(.text)
    isspace                                  0x08000119   Thumb Code    18  isspace_o.o(.text)
    strcat                                   0x0800012b   Thumb Code    28  strcat.o(.text)
    strlen                                   0x08000147   Thumb Code    16  strlen.o(.text)
    strcmp                                   0x08000157   Thumb Code    28  strcmp.o(.text)
    strcpy                                   0x08000173   Thumb Code    18  strcpy.o(.text)
    strncmp                                  0x08000185   Thumb Code    30  strncmp.o(.text)
    __0sscanf                                0x080001a5   Thumb Code    48  __0sscanf.o(.text)
    _scanf_int                               0x080001dd   Thumb Code   334  _scanf_int.o(.text)
    _scanf_real                              0x08000441   Thumb Code     0  scanf_fp.o(.text)
    _scanf_really_real                       0x08000441   Thumb Code   582  scanf_fp.o(.text)
    __aeabi_dadd                             0x08000695   Thumb Code   324  dadd.o(.text)
    __aeabi_dsub                             0x080007d9   Thumb Code     6  dadd.o(.text)
    __aeabi_drsub                            0x080007df   Thumb Code     6  dadd.o(.text)
    __aeabi_dmul                             0x080007e5   Thumb Code   226  dmul.o(.text)
    __aeabi_ddiv                             0x080008c7   Thumb Code   226  ddiv.o(.text)
    __aeabi_i2d                              0x080009a9   Thumb Code    34  dflti.o(.text)
    __aeabi_d2iz                             0x080009cb   Thumb Code    62  dfixi.o(.text)
    __aeabi_cdcmpeq                          0x08000a09   Thumb Code     0  cdcmple.o(.text)
    __aeabi_cdcmple                          0x08000a09   Thumb Code    40  cdcmple.o(.text)
    __aeabi_cdrcmple                         0x08000a31   Thumb Code    40  cdrcmple.o(.text)
    __aeabi_uidiv                            0x08000a59   Thumb Code     0  uidiv.o(.text)
    __aeabi_uidivmod                         0x08000a59   Thumb Code    44  uidiv.o(.text)
    __aeabi_uldivmod                         0x08000a85   Thumb Code   100  uldiv.o(.text)
    __aeabi_llsl                             0x08000ae9   Thumb Code    30  llshl.o(.text)
    _ll_shift_l                              0x08000ae9   Thumb Code     0  llshl.o(.text)
    __aeabi_llsr                             0x08000b07   Thumb Code    32  llushr.o(.text)
    _ll_ushift_r                             0x08000b07   Thumb Code     0  llushr.o(.text)
    __aeabi_lasr                             0x08000b27   Thumb Code    36  llsshr.o(.text)
    _ll_sshift_r                             0x08000b27   Thumb Code     0  llsshr.o(.text)
    _chval                                   0x08000b4b   Thumb Code    32  _chval.o(.text)
    __vfscanf_char                           0x08000b79   Thumb Code    22  scanf_char.o(.text)
    _sgetc                                   0x08000b99   Thumb Code    30  _sgetc.o(.text)
    _sbackspace                              0x08000bb7   Thumb Code    34  _sgetc.o(.text)
    __I$use$fp                               0x08000bd9   Thumb Code     0  iusefp.o(.text)
    __I$use$semihosting$fgetc                0x08000bd9   Thumb Code     0  iusesemig.o(.text)
    _double_round                            0x08000bd9   Thumb Code    26  depilogue.o(.text)
    _double_epilogue                         0x08000bf3   Thumb Code   172  depilogue.o(.text)
    __ARM_scalbn                             0x08000c9f   Thumb Code    46  dscalb.o(.text)
    scalbn                                   0x08000c9f   Thumb Code     0  dscalb.o(.text)
    _dsqrt                                   0x08000ccd   Thumb Code   162  dsqrt.o(.text)
    _drem                                    0x08000d6f   Thumb Code   132  drem.o(.text)
    __aeabi_ul2d                             0x08000df3   Thumb Code    24  dfltul.o(.text)
    __aeabi_d2ulz                            0x08000e0b   Thumb Code    48  dfixul.o(.text)
    __aeabi_d2f                              0x08000e3b   Thumb Code    56  d2f.o(.text)
    __scatterload                            0x08000e75   Thumb Code    28  init.o(.text)
    __scatterload_rt2                        0x08000e75   Thumb Code     0  init.o(.text)
    __vfscanf                                0x08000e99   Thumb Code   818  _scanf.o(.text)
    _float_round                             0x080011d1   Thumb Code    18  fepilogue.o(.text)
    _float_epilogue                          0x080011e3   Thumb Code    90  fepilogue.o(.text)
    __aeabi_ui2d                             0x0800123d   Thumb Code    26  dfltui.o(.text)
    __decompress                             0x08001257   Thumb Code     0  __dclz77c.o(.text)
    __decompress2                            0x08001257   Thumb Code    96  __dclz77c.o(.text)
    ADC_IRQHandler                           0x080012b7   Thumb Code     2  stm32f10x_it.o(i.ADC_IRQHandler)
    ARC_FEED                                 0x080012b9   Thumb Code   154  canon_pre.o(i.ARC_FEED)
    BusFaultException                        0x080013a5   Thumb Code     2  stm32f10x_it.o(i.BusFaultException)
    CAN_RX1_IRQHandler                       0x080013a7   Thumb Code     2  stm32f10x_it.o(i.CAN_RX1_IRQHandler)
    CAN_SCE_IRQHandler                       0x080013a9   Thumb Code     2  stm32f10x_it.o(i.CAN_SCE_IRQHandler)
    CHANGE_TOOL                              0x080013ad   Thumb Code    52  canon_pre.o(i.CHANGE_TOOL)
    COMMENT                                  0x08001409   Thumb Code    48  canon_pre.o(i.COMMENT)
    DISABLE_FEED_OVERRIDE                    0x08001459   Thumb Code    42  canon_pre.o(i.DISABLE_FEED_OVERRIDE)
    DISABLE_SPEED_OVERRIDE                   0x080014b1   Thumb Code    42  canon_pre.o(i.DISABLE_SPEED_OVERRIDE)
    DMAChannel1_IRQHandler                   0x08001509   Thumb Code     2  stm32f10x_it.o(i.DMAChannel1_IRQHandler)
    DMAChannel2_IRQHandler                   0x0800150b   Thumb Code     2  stm32f10x_it.o(i.DMAChannel2_IRQHandler)
    DMAChannel3_IRQHandler                   0x0800150d   Thumb Code     2  stm32f10x_it.o(i.DMAChannel3_IRQHandler)
    DMAChannel4_IRQHandler                   0x0800150f   Thumb Code     2  stm32f10x_it.o(i.DMAChannel4_IRQHandler)
    DMAChannel5_IRQHandler                   0x08001511   Thumb Code     2  stm32f10x_it.o(i.DMAChannel5_IRQHandler)
    DMAChannel6_IRQHandler                   0x08001513   Thumb Code     2  stm32f10x_it.o(i.DMAChannel6_IRQHandler)
    DMAChannel7_IRQHandler                   0x08001515   Thumb Code     2  stm32f10x_it.o(i.DMAChannel7_IRQHandler)
    DWELL                                    0x08001519   Thumb Code    52  canon_pre.o(i.DWELL)
    DebugMonitor                             0x0800156d   Thumb Code     2  stm32f10x_it.o(i.DebugMonitor)
    ENABLE_FEED_OVERRIDE                     0x08001571   Thumb Code    42  canon_pre.o(i.ENABLE_FEED_OVERRIDE)
    ENABLE_SPEED_OVERRIDE                    0x080015c9   Thumb Code    42  canon_pre.o(i.ENABLE_SPEED_OVERRIDE)
    EXTI0_IRQHandler                         0x08001621   Thumb Code     2  stm32f10x_it.o(i.EXTI0_IRQHandler)
    EXTI15_10_IRQHandler                     0x08001623   Thumb Code     2  stm32f10x_it.o(i.EXTI15_10_IRQHandler)
    EXTI1_IRQHandler                         0x08001625   Thumb Code     2  stm32f10x_it.o(i.EXTI1_IRQHandler)
    EXTI2_IRQHandler                         0x08001627   Thumb Code     2  stm32f10x_it.o(i.EXTI2_IRQHandler)
    EXTI3_IRQHandler                         0x08001629   Thumb Code     2  stm32f10x_it.o(i.EXTI3_IRQHandler)
    EXTI4_IRQHandler                         0x0800162b   Thumb Code     2  stm32f10x_it.o(i.EXTI4_IRQHandler)
    EXTI9_5_IRQHandler                       0x0800162d   Thumb Code     2  stm32f10x_it.o(i.EXTI9_5_IRQHandler)
    FLASH_IRQHandler                         0x0800162f   Thumb Code     2  stm32f10x_it.o(i.FLASH_IRQHandler)
    FLASH_PrefetchBufferCmd                  0x08001631   Thumb Code    18  stm32f10x_flash.o(i.FLASH_PrefetchBufferCmd)
    FLASH_SetLatency                         0x08001649   Thumb Code    18  stm32f10x_flash.o(i.FLASH_SetLatency)
    FLOOD_OFF                                0x08001661   Thumb Code    50  canon_pre.o(i.FLOOD_OFF)
    FLOOD_ON                                 0x080016b9   Thumb Code    50  canon_pre.o(i.FLOOD_ON)
    GET_EXTERNAL_FEED_RATE                   0x08001711   Thumb Code     6  canon_pre.o(i.GET_EXTERNAL_FEED_RATE)
    GET_EXTERNAL_FLOOD                       0x0800171d   Thumb Code     6  canon_pre.o(i.GET_EXTERNAL_FLOOD)
    GET_EXTERNAL_LENGTH_UNIT_TYPE            0x08001729   Thumb Code     6  canon_pre.o(i.GET_EXTERNAL_LENGTH_UNIT_TYPE)
    GET_EXTERNAL_MIST                        0x08001735   Thumb Code     6  canon_pre.o(i.GET_EXTERNAL_MIST)
    GET_EXTERNAL_MOTION_CONTROL_MODE         0x08001741   Thumb Code     6  canon_pre.o(i.GET_EXTERNAL_MOTION_CONTROL_MODE)
    GET_EXTERNAL_PARAMETER_FILE_NAME         0x0800174d   Thumb Code    34  canon_pre.o(i.GET_EXTERNAL_PARAMETER_FILE_NAME)
    GET_EXTERNAL_PLANE                       0x08001775   Thumb Code     6  canon_pre.o(i.GET_EXTERNAL_PLANE)
    GET_EXTERNAL_POSITION_X                  0x08001781   Thumb Code     6  canon_pre.o(i.GET_EXTERNAL_POSITION_X)
    GET_EXTERNAL_POSITION_Y                  0x0800178d   Thumb Code     6  canon_pre.o(i.GET_EXTERNAL_POSITION_Y)
    GET_EXTERNAL_POSITION_Z                  0x08001799   Thumb Code     6  canon_pre.o(i.GET_EXTERNAL_POSITION_Z)
    GET_EXTERNAL_PROBE_POSITION_X            0x080017a5   Thumb Code     6  canon_pre.o(i.GET_EXTERNAL_PROBE_POSITION_X)
    GET_EXTERNAL_PROBE_POSITION_Y            0x080017b1   Thumb Code     6  canon_pre.o(i.GET_EXTERNAL_PROBE_POSITION_Y)
    GET_EXTERNAL_PROBE_POSITION_Z            0x080017bd   Thumb Code     6  canon_pre.o(i.GET_EXTERNAL_PROBE_POSITION_Z)
    GET_EXTERNAL_PROBE_VALUE                 0x080017c9   Thumb Code     6  canon_pre.o(i.GET_EXTERNAL_PROBE_VALUE)
    GET_EXTERNAL_QUEUE_EMPTY                 0x080017d5   Thumb Code     4  canon_pre.o(i.GET_EXTERNAL_QUEUE_EMPTY)
    GET_EXTERNAL_SPEED                       0x080017d9   Thumb Code     6  canon_pre.o(i.GET_EXTERNAL_SPEED)
    GET_EXTERNAL_SPINDLE                     0x080017e5   Thumb Code     6  canon_pre.o(i.GET_EXTERNAL_SPINDLE)
    GET_EXTERNAL_TOOL_MAX                    0x080017f1   Thumb Code     6  canon_pre.o(i.GET_EXTERNAL_TOOL_MAX)
    GET_EXTERNAL_TOOL_SLOT                   0x080017fd   Thumb Code     6  canon_pre.o(i.GET_EXTERNAL_TOOL_SLOT)
    GET_EXTERNAL_TRAVERSE_RATE               0x08001809   Thumb Code     6  canon_pre.o(i.GET_EXTERNAL_TRAVERSE_RATE)
    GPIO_Configuration                       0x08001815   Thumb Code    60  main.o(i.GPIO_Configuration)
    GPIO_Init                                0x08001855   Thumb Code   160  stm32f10x_gpio.o(i.GPIO_Init)
    HardFaultException                       0x080018f5   Thumb Code     2  stm32f10x_it.o(i.HardFaultException)
    I2C1_ER_IRQHandler                       0x080018f7   Thumb Code     2  stm32f10x_it.o(i.I2C1_ER_IRQHandler)
    I2C1_EV_IRQHandler                       0x080018f9   Thumb Code     2  stm32f10x_it.o(i.I2C1_EV_IRQHandler)
    I2C2_ER_IRQHandler                       0x080018fb   Thumb Code     2  stm32f10x_it.o(i.I2C2_ER_IRQHandler)
    I2C2_EV_IRQHandler                       0x080018fd   Thumb Code     2  stm32f10x_it.o(i.I2C2_EV_IRQHandler)
    INIT_CANON                               0x080018ff   Thumb Code     2  canon_pre.o(i.INIT_CANON)
    MESSAGE                                  0x08001901   Thumb Code    48  canon_pre.o(i.MESSAGE)
    MIST_OFF                                 0x08001951   Thumb Code    50  canon_pre.o(i.MIST_OFF)
    MIST_ON                                  0x080019a9   Thumb Code    50  canon_pre.o(i.MIST_ON)
    MemManageException                       0x080019fd   Thumb Code     2  stm32f10x_it.o(i.MemManageException)
    NMIException                             0x080019ff   Thumb Code     2  stm32f10x_it.o(i.NMIException)
    NVIC_Configuration                       0x08001a01   Thumb Code    14  main.o(i.NVIC_Configuration)
    NVIC_SetVectorTable                      0x08001a11   Thumb Code    12  stm32f10x_nvic.o(i.NVIC_SetVectorTable)
    OPTIONAL_PROGRAM_STOP                    0x08001a25   Thumb Code    42  canon_pre.o(i.OPTIONAL_PROGRAM_STOP)
    ORIENT_SPINDLE                           0x08001a7d   Thumb Code    66  canon_pre.o(i.ORIENT_SPINDLE)
    PALLET_SHUTTLE                           0x08001b15   Thumb Code    42  canon_pre.o(i.PALLET_SHUTTLE)
    PROGRAM_END                              0x08001b65   Thumb Code    42  canon_pre.o(i.PROGRAM_END)
    PROGRAM_STOP                             0x08001bb1   Thumb Code    42  canon_pre.o(i.PROGRAM_STOP)
    PVD_IRQHandler                           0x08001c01   Thumb Code     2  stm32f10x_it.o(i.PVD_IRQHandler)
    PendSVC                                  0x08001c03   Thumb Code     2  stm32f10x_it.o(i.PendSVC)
    RCC_APB2PeriphClockCmd                   0x08001c05   Thumb Code    18  stm32f10x_rcc.o(i.RCC_APB2PeriphClockCmd)
    RCC_Configuration                        0x08001c1d   Thumb Code   120  main.o(i.RCC_Configuration)
    RCC_DeInit                               0x08001c99   Thumb Code    48  stm32f10x_rcc.o(i.RCC_DeInit)
    RCC_GetClocksFreq                        0x08001cd5   Thumb Code   132  stm32f10x_rcc.o(i.RCC_GetClocksFreq)
    RCC_GetFlagStatus                        0x08001d69   Thumb Code    42  stm32f10x_rcc.o(i.RCC_GetFlagStatus)
    RCC_GetSYSCLKSource                      0x08001d99   Thumb Code    10  stm32f10x_rcc.o(i.RCC_GetSYSCLKSource)
    RCC_HCLKConfig                           0x08001da9   Thumb Code    14  stm32f10x_rcc.o(i.RCC_HCLKConfig)
    RCC_HSEConfig                            0x08001dbd   Thumb Code    48  stm32f10x_rcc.o(i.RCC_HSEConfig)
    RCC_IRQHandler                           0x08001df1   Thumb Code     2  stm32f10x_it.o(i.RCC_IRQHandler)
    RCC_PCLK1Config                          0x08001df5   Thumb Code    14  stm32f10x_rcc.o(i.RCC_PCLK1Config)
    RCC_PCLK2Config                          0x08001e09   Thumb Code    16  stm32f10x_rcc.o(i.RCC_PCLK2Config)
    RCC_PLLCmd                               0x08001e1d   Thumb Code     6  stm32f10x_rcc.o(i.RCC_PLLCmd)
    RCC_PLLConfig                            0x08001e29   Thumb Code    16  stm32f10x_rcc.o(i.RCC_PLLConfig)
    RCC_SYSCLKConfig                         0x08001e3d   Thumb Code    14  stm32f10x_rcc.o(i.RCC_SYSCLKConfig)
    RCC_WaitForHSEStartUp                    0x08001e51   Thumb Code    46  stm32f10x_rcc.o(i.RCC_WaitForHSEStartUp)
    RTCAlarm_IRQHandler                      0x08001e85   Thumb Code     2  stm32f10x_it.o(i.RTCAlarm_IRQHandler)
    RTC_IRQHandler                           0x08001e87   Thumb Code     2  stm32f10x_it.o(i.RTC_IRQHandler)
    SELECT_PLANE                             0x08001e89   Thumb Code    78  canon_pre.o(i.SELECT_PLANE)
    SELECT_TOOL                              0x08001f21   Thumb Code    48  canon_pre.o(i.SELECT_TOOL)
    SET_FEED_RATE                            0x08001f75   Thumb Code    56  canon_pre.o(i.SET_FEED_RATE)
    SET_FEED_REFERENCE                       0x08001fd9   Thumb Code    58  canon_pre.o(i.SET_FEED_REFERENCE)
    SET_MOTION_CONTROL_MODE                  0x0800205d   Thumb Code   194  canon_pre.o(i.SET_MOTION_CONTROL_MODE)
    SET_ORIGIN_OFFSETS                       0x080021dd   Thumb Code   160  canon_pre.o(i.SET_ORIGIN_OFFSETS)
    SET_SPINDLE_SPEED                        0x080022cd   Thumb Code    56  canon_pre.o(i.SET_SPINDLE_SPEED)
    SPI1_IRQHandler                          0x08002335   Thumb Code     2  stm32f10x_it.o(i.SPI1_IRQHandler)
    SPI2_IRQHandler                          0x08002337   Thumb Code     2  stm32f10x_it.o(i.SPI2_IRQHandler)
    START_SPEED_FEED_SYNCH                   0x08002339   Thumb Code    42  canon_pre.o(i.START_SPEED_FEED_SYNCH)
    START_SPINDLE_CLOCKWISE                  0x08002391   Thumb Code    70  canon_pre.o(i.START_SPINDLE_CLOCKWISE)
    START_SPINDLE_COUNTERCLOCKWISE           0x0800240d   Thumb Code    70  canon_pre.o(i.START_SPINDLE_COUNTERCLOCKWISE)
    STOP_SPEED_FEED_SYNCH                    0x08002491   Thumb Code    42  canon_pre.o(i.STOP_SPEED_FEED_SYNCH)
    STOP_SPINDLE_TURNING                     0x080024e9   Thumb Code    50  canon_pre.o(i.STOP_SPINDLE_TURNING)
    STRAIGHT_FEED                            0x0800254d   Thumb Code    82  canon_pre.o(i.STRAIGHT_FEED)
    STRAIGHT_PROBE                           0x080025e1   Thumb Code   424  canon_pre.o(i.STRAIGHT_PROBE)
    STRAIGHT_TRAVERSE                        0x080027e9   Thumb Code    82  canon_pre.o(i.STRAIGHT_TRAVERSE)
    SVCHandler                               0x08002881   Thumb Code     2  stm32f10x_it.o(i.SVCHandler)
    SysTickHandler                           0x08002883   Thumb Code     2  stm32f10x_it.o(i.SysTickHandler)
    TAMPER_IRQHandler                        0x08002885   Thumb Code     2  stm32f10x_it.o(i.TAMPER_IRQHandler)
    TIM1_BRK_IRQHandler                      0x08002887   Thumb Code     2  stm32f10x_it.o(i.TIM1_BRK_IRQHandler)
    TIM1_CC_IRQHandler                       0x08002889   Thumb Code     2  stm32f10x_it.o(i.TIM1_CC_IRQHandler)
    TIM1_TRG_COM_IRQHandler                  0x0800288b   Thumb Code     2  stm32f10x_it.o(i.TIM1_TRG_COM_IRQHandler)
    TIM1_UP_IRQHandler                       0x0800288d   Thumb Code     2  stm32f10x_it.o(i.TIM1_UP_IRQHandler)
    TIM2_IRQHandler                          0x0800288f   Thumb Code     2  stm32f10x_it.o(i.TIM2_IRQHandler)
    TIM3_IRQHandler                          0x08002891   Thumb Code     2  stm32f10x_it.o(i.TIM3_IRQHandler)
    TIM4_IRQHandler                          0x08002893   Thumb Code     2  stm32f10x_it.o(i.TIM4_IRQHandler)
    TURN_PROBE_OFF                           0x08002895   Thumb Code    42  canon_pre.o(i.TURN_PROBE_OFF)
    TURN_PROBE_ON                            0x080028e5   Thumb Code    42  canon_pre.o(i.TURN_PROBE_ON)
    USART1_IRQHandler                        0x08002935   Thumb Code     2  stm32f10x_it.o(i.USART1_IRQHandler)
    USART2_IRQHandler                        0x08002937   Thumb Code     2  stm32f10x_it.o(i.USART2_IRQHandler)
    USART3_IRQHandler                        0x08002939   Thumb Code     2  stm32f10x_it.o(i.USART3_IRQHandler)
    USART_ClockInit                          0x0800293b   Thumb Code    30  stm32f10x_usart.o(i.USART_ClockInit)
    USART_Cmd                                0x08002959   Thumb Code    20  stm32f10x_usart.o(i.USART_Cmd)
    USART_Configuration                      0x0800296d   Thumb Code    94  main.o(i.USART_Configuration)
    USART_GetFlagStatus                      0x080029d1   Thumb Code    14  stm32f10x_usart.o(i.USART_GetFlagStatus)
    USART_Init                               0x080029e1   Thumb Code   130  stm32f10x_usart.o(i.USART_Init)
    USART_ReceiveData                        0x08002a69   Thumb Code     8  stm32f10x_usart.o(i.USART_ReceiveData)
    USART_SendData                           0x08002a71   Thumb Code     8  stm32f10x_usart.o(i.USART_SendData)
    USBWakeUp_IRQHandler                     0x08002a79   Thumb Code     2  stm32f10x_it.o(i.USBWakeUp_IRQHandler)
    USB_HP_CAN_TX_IRQHandler                 0x08002a7b   Thumb Code     2  stm32f10x_it.o(i.USB_HP_CAN_TX_IRQHandler)
    USB_LP_CAN_RX0_IRQHandler                0x08002a7d   Thumb Code     2  stm32f10x_it.o(i.USB_LP_CAN_RX0_IRQHandler)
    USE_LENGTH_UNITS                         0x08002a81   Thumb Code   402  canon_pre.o(i.USE_LENGTH_UNITS)
    USE_TOOL_LENGTH_OFFSET                   0x08002cb5   Thumb Code    52  canon_pre.o(i.USE_TOOL_LENGTH_OFFSET)
    UsageFaultException                      0x08002d19   Thumb Code     2  stm32f10x_it.o(i.UsageFaultException)
    WWDG_IRQHandler                          0x08002d1b   Thumb Code     2  stm32f10x_it.o(i.WWDG_IRQHandler)
    __0fprintf                               0x08002d1d   Thumb Code    22  printfa.o(i.__0fprintf)
    __1fprintf                               0x08002d1d   Thumb Code     0  printfa.o(i.__0fprintf)
    __2fprintf                               0x08002d1d   Thumb Code     0  printfa.o(i.__0fprintf)
    __c89fprintf                             0x08002d1d   Thumb Code     0  printfa.o(i.__0fprintf)
    fprintf                                  0x08002d1d   Thumb Code     0  printfa.o(i.__0fprintf)
    __0printf                                0x08002d39   Thumb Code    22  printfa.o(i.__0printf)
    __1printf                                0x08002d39   Thumb Code     0  printfa.o(i.__0printf)
    __2printf                                0x08002d39   Thumb Code     0  printfa.o(i.__0printf)
    __c89printf                              0x08002d39   Thumb Code     0  printfa.o(i.__0printf)
    printf                                   0x08002d39   Thumb Code     0  printfa.o(i.__0printf)
    __0sprintf                               0x08002d59   Thumb Code    34  printfa.o(i.__0sprintf)
    __1sprintf                               0x08002d59   Thumb Code     0  printfa.o(i.__0sprintf)
    __2sprintf                               0x08002d59   Thumb Code     0  printfa.o(i.__0sprintf)
    __c89sprintf                             0x08002d59   Thumb Code     0  printfa.o(i.__0sprintf)
    sprintf                                  0x08002d59   Thumb Code     0  printfa.o(i.__0sprintf)
    __ARM_fpclassify                         0x08002d81   Thumb Code    40  fpclassify.o(i.__ARM_fpclassify)
    __ieee754_rem_pio2                       0x08002da9   Thumb Code   826  rred.o(i.__ieee754_rem_pio2)
    __kernel_cos                             0x0800312d   Thumb Code   230  cos_i.o(i.__kernel_cos)
    __kernel_poly                            0x08003229   Thumb Code   170  poly.o(i.__kernel_poly)
    __kernel_sin                             0x080032d5   Thumb Code   226  sin_i.o(i.__kernel_sin)
    __kernel_tan                             0x080033c5   Thumb Code   586  tan_i.o(i.__kernel_tan)
    __mathlib_dbl_underflow                  0x08003641   Thumb Code    10  dunder.o(i.__mathlib_dbl_underflow)
    __scatterload_copy                       0x08003651   Thumb Code    14  handlers.o(i.__scatterload_copy)
    __scatterload_null                       0x0800365f   Thumb Code     2  handlers.o(i.__scatterload_null)
    __scatterload_zeroinit                   0x08003661   Thumb Code    14  handlers.o(i.__scatterload_zeroinit)
    __set_errno                              0x08003671   Thumb Code     6  errno.o(i.__set_errno)
    _is_digit                                0x080037d1   Thumb Code    14  scanf_fp.o(i._is_digit)
    acos                                     0x08003f69   Thumb Code   584  acos.o(i.acos)
    adjust_error_handling                    0x080041ed   Thumb Code   250  main.o(i.adjust_error_handling)
    asin                                     0x08004e19   Thumb Code   586  asin.o(i.asin)
    atan                                     0x08005099   Thumb Code   480  atan.o(i.atan)
    atan2                                    0x080052bd   Thumb Code   346  atan2.o(i.atan2)
    ceil                                     0x0800543d   Thumb Code   204  ceil.o(i.ceil)
    cos                                      0x0800e869   Thumb Code   162  cos.o(i.cos)
    designate_parameter_file                 0x0800e9c1   Thumb Code    54  main.o(i.designate_parameter_file)
    exp                                      0x0800f8cd   Thumb Code   566  exp.o(i.exp)
    fgets                                    0x0800fb5d   Thumb Code    60  fgets.o(i.fgets)
    floor                                    0x0801021d   Thumb Code   204  floor.o(i.floor)
    fmod                                     0x080102f9   Thumb Code   148  fmod.o(i.fmod)
    fputc                                    0x08010391   Thumb Code    32  main.o(i.fputc)
    fputs                                    0x080103b5   Thumb Code    24  fputs.o(i.fputs)
    gets                                     0x080103cd   Thumb Code    42  gets.o(i.gets)
    hypot                                    0x080103fd   Thumb Code   650  hypot.o(i.hypot)
    interpret_from_keyboard                  0x08010759   Thumb Code   216  main.o(i.interpret_from_keyboard)
    log                                      0x08010b99   Thumb Code   818  log.o(i.log)
    main                                     0x08010f05   Thumb Code   374  main.o(i.main)
    pow                                      0x08011331   Thumb Code  2534  pow.o(i.pow)
    print_nc_line_number                     0x08011d49   Thumb Code   186  canon_pre.o(i.print_nc_line_number)
    read_tool_file                           0x08015511   Thumb Code    38  main.o(i.read_tool_file)
    report_error                             0x08015af1   Thumb Code   130  main.o(i.report_error)
    rs274ngc_active_g_codes                  0x08015ba1   Thumb Code    32  rs274ngc_pre.o(i.rs274ngc_active_g_codes)
    rs274ngc_active_m_codes                  0x08015bc5   Thumb Code    32  rs274ngc_pre.o(i.rs274ngc_active_m_codes)
    rs274ngc_active_settings                 0x08015be9   Thumb Code    38  rs274ngc_pre.o(i.rs274ngc_active_settings)
    rs274ngc_error_text                      0x08015c15   Thumb Code    56  rs274ngc_pre.o(i.rs274ngc_error_text)
    rs274ngc_execute                         0x08015c51   Thumb Code   196  rs274ngc_pre.o(i.rs274ngc_execute)
    rs274ngc_exit                            0x08015d31   Thumb Code    42  rs274ngc_pre.o(i.rs274ngc_exit)
    rs274ngc_init                            0x08015d71   Thumb Code   724  rs274ngc_pre.o(i.rs274ngc_init)
    rs274ngc_line_length                     0x0801607d   Thumb Code     8  rs274ngc_pre.o(i.rs274ngc_line_length)
    rs274ngc_line_text                       0x08016089   Thumb Code    50  rs274ngc_pre.o(i.rs274ngc_line_text)
    rs274ngc_read                            0x080160c1   Thumb Code   420  rs274ngc_pre.o(i.rs274ngc_read)
    rs274ngc_reset                           0x08016281   Thumb Code    20  rs274ngc_pre.o(i.rs274ngc_reset)
    rs274ngc_restore_parameters              0x08016299   Thumb Code    60  rs274ngc_pre.o(i.rs274ngc_restore_parameters)
    rs274ngc_save_parameters                 0x080162dd   Thumb Code   746  rs274ngc_pre.o(i.rs274ngc_save_parameters)
    rs274ngc_sequence_number                 0x080165f9   Thumb Code     8  rs274ngc_pre.o(i.rs274ngc_sequence_number)
    rs274ngc_stack_name                      0x08016605   Thumb Code    72  rs274ngc_pre.o(i.rs274ngc_stack_name)
    rs274ngc_synch                           0x08016651   Thumb Code   192  rs274ngc_pre.o(i.rs274ngc_synch)
    sin                                      0x08016791   Thumb Code   166  sin.o(i.sin)
    sqrt                                     0x08016841   Thumb Code    76  sqrt.o(i.sqrt)
    tan                                      0x0801688d   Thumb Code   100  tan.o(i.tan)
    __ctype_table                            0x08018088   Data         129  ctype_o.o(.constdata)
    __mathlib_zero                           0x080181d8   Data           8  qnan.o(.constdata)
    Region$$Table$$Base                      0x08019b28   Number         0  anon$$obj.o(Region$$Table)
    Region$$Table$$Limit                     0x08019b48   Number         0  anon$$obj.o(Region$$Table)
    _outfile                                 0x20000000   Data           4  main.o(.data)
    HSEStartUpStatus                         0x20000004   Data           1  main.o(.data)
    _tool_max                                0x20000080   Data           4  canon_pre.o(.data)
    _rs274ngc_errors                         0x200000a0   Data         796  rs274ngc_pre.o(.data)
    __stdout                                 0x200009c0   Data           4  stdout.o(.data)
    __stderr                                 0x200009c4   Data           4  stderr.o(.data)
    __stdin                                  0x200009c8   Data           4  stdin.o(.data)
    _parameter_file_name                     0x200009d0   Data         100  canon_pre.o(.bss)
    _tools                                   0x20000a38   Data        3072  canon_pre.o(.bss)
    __initial_sp                             0x2000e5c0   Data           0  stm32f10x.o(STACK)



==============================================================================

Memory Map of the image

  Image Entry point : 0x080000ed

  Load Region LR_IROM1 (Base: 0x08000000, Size: 0x0001a518, Max: 0x00080000, ABSOLUTE, COMPRESSED[0x0001a068])

    Execution Region ER_IROM1 (Base: 0x08000000, Size: 0x00019b48, Max: 0x00080000, ABSOLUTE)

    Base Addr    Size         Type   Attr      Idx    E Section Name        Object

    0x08000000   0x000000ec   Data   RO            3    RESET               stm32f10x.o
    0x080000ec   0x00000000   Code   RO         2621  * .ARM.Collect$$$$00000000  mc_w.l(entry.o)
    0x080000ec   0x00000004   Code   RO         3043    .ARM.Collect$$$$00000001  mc_w.l(entry2.o)
    0x080000f0   0x00000004   Code   RO         3046    .ARM.Collect$$$$00000004  mc_w.l(entry5.o)
    0x080000f4   0x00000008   Code   RO         3047    .ARM.Collect$$$$00000007  mc_w.l(entry7.o)
    0x080000fc   0x00000004   Code   RO         3044    .ARM.Collect$$$$00002712  mc_w.l(entry2.o)
    0x08000100   0x00000008   Code   RO            4    .text               stm32f10x.o
    0x08000108   0x00000008   Code   RO         2624    .text               mc_w.l(fgetc.o)
    0x08000110   0x00000008   Code   RO         2681    .text               mc_w.l(ctype_o.o)
    0x08000118   0x00000012   Code   RO         2703    .text               mc_w.l(isspace_o.o)
    0x0800012a   0x0000001c   Code   RO         2711    .text               mc_w.l(strcat.o)
    0x08000146   0x00000010   Code   RO         2713    .text               mc_w.l(strlen.o)
    0x08000156   0x0000001c   Code   RO         2715    .text               mc_w.l(strcmp.o)
    0x08000172   0x00000012   Code   RO         2717    .text               mc_w.l(strcpy.o)
    0x08000184   0x0000001e   Code   RO         2719    .text               mc_w.l(strncmp.o)
    0x080001a2   0x00000002   PAD
    0x080001a4   0x00000038   Code   RO         2984    .text               mc_w.l(__0sscanf.o)
    0x080001dc   0x0000014e   Code   RO         2986    .text               mc_w.l(_scanf_int.o)
    0x0800032a   0x00000002   PAD
    0x0800032c   0x00000368   Code   RO         2988    .text               mc_w.l(scanf_fp.o)
    0x08000694   0x00000150   Code   RO         2992    .text               mf_w.l(dadd.o)
    0x080007e4   0x000000e2   Code   RO         2994    .text               mf_w.l(dmul.o)
    0x080008c6   0x000000e2   Code   RO         2996    .text               mf_w.l(ddiv.o)
    0x080009a8   0x00000022   Code   RO         2998    .text               mf_w.l(dflti.o)
    0x080009ca   0x0000003e   Code   RO         3000    .text               mf_w.l(dfixi.o)
    0x08000a08   0x00000028   Code   RO         3002    .text               mf_w.l(cdcmple.o)
    0x08000a30   0x00000028   Code   RO         3004    .text               mf_w.l(cdrcmple.o)
    0x08000a58   0x0000002c   Code   RO         3049    .text               mc_w.l(uidiv.o)
    0x08000a84   0x00000064   Code   RO         3051    .text               mc_w.l(uldiv.o)
    0x08000ae8   0x0000001e   Code   RO         3053    .text               mc_w.l(llshl.o)
    0x08000b06   0x00000020   Code   RO         3055    .text               mc_w.l(llushr.o)
    0x08000b26   0x00000024   Code   RO         3057    .text               mc_w.l(llsshr.o)
    0x08000b4a   0x00000020   Code   RO         3066    .text               mc_w.l(_chval.o)
    0x08000b6a   0x00000002   PAD
    0x08000b6c   0x0000002c   Code   RO         3068    .text               mc_w.l(scanf_char.o)
    0x08000b98   0x00000040   Code   RO         3070    .text               mc_w.l(_sgetc.o)
    0x08000bd8   0x00000000   Code   RO         3072    .text               mc_w.l(iusefp.o)
    0x08000bd8   0x00000000   Code   RO         3073    .text               mc_w.l(iusesemig.o)
    0x08000bd8   0x000000c6   Code   RO         3074    .text               mf_w.l(depilogue.o)
    0x08000c9e   0x0000002e   Code   RO         3076    .text               mf_w.l(dscalb.o)
    0x08000ccc   0x000000a2   Code   RO         3078    .text               mf_w.l(dsqrt.o)
    0x08000d6e   0x00000084   Code   RO         3080    .text               mf_w.l(drem.o)
    0x08000df2   0x00000018   Code   RO         3082    .text               mf_w.l(dfltul.o)
    0x08000e0a   0x00000030   Code   RO         3084    .text               mf_w.l(dfixul.o)
    0x08000e3a   0x00000038   Code   RO         3086    .text               mf_w.l(d2f.o)
    0x08000e72   0x00000002   PAD
    0x08000e74   0x00000024   Code   RO         3088    .text               mc_w.l(init.o)
    0x08000e98   0x00000338   Code   RO         3092    .text               mc_w.l(_scanf.o)
    0x080011d0   0x0000006c   Code   RO         3094    .text               mf_w.l(fepilogue.o)
    0x0800123c   0x0000001a   Code   RO         3096    .text               mf_w.l(dfltui.o)
    0x08001256   0x00000060   Code   RO         3109    .text               mc_w.l(__dclz77c.o)
    0x080012b6   0x00000002   Code   RO          199    i.ADC_IRQHandler    stm32f10x_it.o
    0x080012b8   0x000000ec   Code   RO          520    i.ARC_FEED          canon_pre.o
    0x080013a4   0x00000002   Code   RO          200    i.BusFaultException  stm32f10x_it.o
    0x080013a6   0x00000002   Code   RO          201    i.CAN_RX1_IRQHandler  stm32f10x_it.o
    0x080013a8   0x00000002   Code   RO          202    i.CAN_SCE_IRQHandler  stm32f10x_it.o
    0x080013aa   0x00000002   PAD
    0x080013ac   0x0000005c   Code   RO          521    i.CHANGE_TOOL       canon_pre.o
    0x08001408   0x00000050   Code   RO          523    i.COMMENT           canon_pre.o
    0x08001458   0x00000058   Code   RO          524    i.DISABLE_FEED_OVERRIDE  canon_pre.o
    0x080014b0   0x00000058   Code   RO          525    i.DISABLE_SPEED_OVERRIDE  canon_pre.o
    0x08001508   0x00000002   Code   RO          203    i.DMAChannel1_IRQHandler  stm32f10x_it.o
    0x0800150a   0x00000002   Code   RO          204    i.DMAChannel2_IRQHandler  stm32f10x_it.o
    0x0800150c   0x00000002   Code   RO          205    i.DMAChannel3_IRQHandler  stm32f10x_it.o
    0x0800150e   0x00000002   Code   RO          206    i.DMAChannel4_IRQHandler  stm32f10x_it.o
    0x08001510   0x00000002   Code   RO          207    i.DMAChannel5_IRQHandler  stm32f10x_it.o
    0x08001512   0x00000002   Code   RO          208    i.DMAChannel6_IRQHandler  stm32f10x_it.o
    0x08001514   0x00000002   Code   RO          209    i.DMAChannel7_IRQHandler  stm32f10x_it.o
    0x08001516   0x00000002   PAD
    0x08001518   0x00000054   Code   RO          526    i.DWELL             canon_pre.o
    0x0800156c   0x00000002   Code   RO          210    i.DebugMonitor      stm32f10x_it.o
    0x0800156e   0x00000002   PAD
    0x08001570   0x00000058   Code   RO          527    i.ENABLE_FEED_OVERRIDE  canon_pre.o
    0x080015c8   0x00000058   Code   RO          528    i.ENABLE_SPEED_OVERRIDE  canon_pre.o
    0x08001620   0x00000002   Code   RO          211    i.EXTI0_IRQHandler  stm32f10x_it.o
    0x08001622   0x00000002   Code   RO          212    i.EXTI15_10_IRQHandler  stm32f10x_it.o
    0x08001624   0x00000002   Code   RO          213    i.EXTI1_IRQHandler  stm32f10x_it.o
    0x08001626   0x00000002   Code   RO          214    i.EXTI2_IRQHandler  stm32f10x_it.o
    0x08001628   0x00000002   Code   RO          215    i.EXTI3_IRQHandler  stm32f10x_it.o
    0x0800162a   0x00000002   Code   RO          216    i.EXTI4_IRQHandler  stm32f10x_it.o
    0x0800162c   0x00000002   Code   RO          217    i.EXTI9_5_IRQHandler  stm32f10x_it.o
    0x0800162e   0x00000002   Code   RO          218    i.FLASH_IRQHandler  stm32f10x_it.o
    0x08001630   0x00000018   Code   RO         1668    i.FLASH_PrefetchBufferCmd  STM32F10xR.LIB(stm32f10x_flash.o)
    0x08001648   0x00000018   Code   RO         1666    i.FLASH_SetLatency  STM32F10xR.LIB(stm32f10x_flash.o)
    0x08001660   0x00000058   Code   RO          529    i.FLOOD_OFF         canon_pre.o
    0x080016b8   0x00000058   Code   RO          530    i.FLOOD_ON          canon_pre.o
    0x08001710   0x0000000c   Code   RO          531    i.GET_EXTERNAL_FEED_RATE  canon_pre.o
    0x0800171c   0x0000000c   Code   RO          532    i.GET_EXTERNAL_FLOOD  canon_pre.o
    0x08001728   0x0000000c   Code   RO          534    i.GET_EXTERNAL_LENGTH_UNIT_TYPE  canon_pre.o
    0x08001734   0x0000000c   Code   RO          535    i.GET_EXTERNAL_MIST  canon_pre.o
    0x08001740   0x0000000c   Code   RO          536    i.GET_EXTERNAL_MOTION_CONTROL_MODE  canon_pre.o
    0x0800174c   0x00000028   Code   RO          537    i.GET_EXTERNAL_PARAMETER_FILE_NAME  canon_pre.o
    0x08001774   0x0000000c   Code   RO          538    i.GET_EXTERNAL_PLANE  canon_pre.o
    0x08001780   0x0000000c   Code   RO          539    i.GET_EXTERNAL_POSITION_X  canon_pre.o
    0x0800178c   0x0000000c   Code   RO          540    i.GET_EXTERNAL_POSITION_Y  canon_pre.o
    0x08001798   0x0000000c   Code   RO          541    i.GET_EXTERNAL_POSITION_Z  canon_pre.o
    0x080017a4   0x0000000c   Code   RO          542    i.GET_EXTERNAL_PROBE_POSITION_X  canon_pre.o
    0x080017b0   0x0000000c   Code   RO          543    i.GET_EXTERNAL_PROBE_POSITION_Y  canon_pre.o
    0x080017bc   0x0000000c   Code   RO          544    i.GET_EXTERNAL_PROBE_POSITION_Z  canon_pre.o
    0x080017c8   0x0000000c   Code   RO          545    i.GET_EXTERNAL_PROBE_VALUE  canon_pre.o
    0x080017d4   0x00000004   Code   RO          546    i.GET_EXTERNAL_QUEUE_EMPTY  canon_pre.o
    0x080017d8   0x0000000c   Code   RO          547    i.GET_EXTERNAL_SPEED  canon_pre.o
    0x080017e4   0x0000000c   Code   RO          548    i.GET_EXTERNAL_SPINDLE  canon_pre.o
    0x080017f0   0x0000000c   Code   RO          549    i.GET_EXTERNAL_TOOL_MAX  canon_pre.o
    0x080017fc   0x0000000c   Code   RO          550    i.GET_EXTERNAL_TOOL_SLOT  canon_pre.o
    0x08001808   0x0000000c   Code   RO          552    i.GET_EXTERNAL_TRAVERSE_RATE  canon_pre.o
    0x08001814   0x00000040   Code   RO           10    i.GPIO_Configuration  main.o
    0x08001854   0x000000a0   Code   RO         1830    i.GPIO_Init         STM32F10xR.LIB(stm32f10x_gpio.o)
    0x080018f4   0x00000002   Code   RO          219    i.HardFaultException  stm32f10x_it.o
    0x080018f6   0x00000002   Code   RO          220    i.I2C1_ER_IRQHandler  stm32f10x_it.o
    0x080018f8   0x00000002   Code   RO          221    i.I2C1_EV_IRQHandler  stm32f10x_it.o
    0x080018fa   0x00000002   Code   RO          222    i.I2C2_ER_IRQHandler  stm32f10x_it.o
    0x080018fc   0x00000002   Code   RO          223    i.I2C2_EV_IRQHandler  stm32f10x_it.o
    0x080018fe   0x00000002   Code   RO          553    i.INIT_CANON        canon_pre.o
    0x08001900   0x00000050   Code   RO          554    i.MESSAGE           canon_pre.o
    0x08001950   0x00000058   Code   RO          555    i.MIST_OFF          canon_pre.o
    0x080019a8   0x00000054   Code   RO          556    i.MIST_ON           canon_pre.o
    0x080019fc   0x00000002   Code   RO          224    i.MemManageException  stm32f10x_it.o
    0x080019fe   0x00000002   Code   RO          225    i.NMIException      stm32f10x_it.o
    0x08001a00   0x0000000e   Code   RO           11    i.NVIC_Configuration  main.o
    0x08001a0e   0x00000002   PAD
    0x08001a10   0x00000014   Code   RO         1960    i.NVIC_SetVectorTable  STM32F10xR.LIB(stm32f10x_nvic.o)
    0x08001a24   0x00000058   Code   RO          557    i.OPTIONAL_PROGRAM_STOP  canon_pre.o
    0x08001a7c   0x00000098   Code   RO          558    i.ORIENT_SPINDLE    canon_pre.o
    0x08001b14   0x00000050   Code   RO          559    i.PALLET_SHUTTLE    canon_pre.o
    0x08001b64   0x0000004c   Code   RO          560    i.PROGRAM_END       canon_pre.o
    0x08001bb0   0x00000050   Code   RO          561    i.PROGRAM_STOP      canon_pre.o
    0x08001c00   0x00000002   Code   RO          226    i.PVD_IRQHandler    stm32f10x_it.o
    0x08001c02   0x00000002   Code   RO          227    i.PendSVC           stm32f10x_it.o
    0x08001c04   0x00000018   Code   RO         2153    i.RCC_APB2PeriphClockCmd  STM32F10xR.LIB(stm32f10x_rcc.o)
    0x08001c1c   0x0000007c   Code   RO           12    i.RCC_Configuration  main.o
    0x08001c98   0x0000003c   Code   RO         2131    i.RCC_DeInit        STM32F10xR.LIB(stm32f10x_rcc.o)
    0x08001cd4   0x00000094   Code   RO         2151    i.RCC_GetClocksFreq  STM32F10xR.LIB(stm32f10x_rcc.o)
    0x08001d68   0x00000030   Code   RO         2133    i.RCC_GetFlagStatus  STM32F10xR.LIB(stm32f10x_rcc.o)
    0x08001d98   0x00000010   Code   RO         2140    i.RCC_GetSYSCLKSource  STM32F10xR.LIB(stm32f10x_rcc.o)
    0x08001da8   0x00000014   Code   RO         2141    i.RCC_HCLKConfig    STM32F10xR.LIB(stm32f10x_rcc.o)
    0x08001dbc   0x00000034   Code   RO         2132    i.RCC_HSEConfig     STM32F10xR.LIB(stm32f10x_rcc.o)
    0x08001df0   0x00000002   Code   RO          228    i.RCC_IRQHandler    stm32f10x_it.o
    0x08001df2   0x00000002   PAD
    0x08001df4   0x00000014   Code   RO         2142    i.RCC_PCLK1Config   STM32F10xR.LIB(stm32f10x_rcc.o)
    0x08001e08   0x00000014   Code   RO         2143    i.RCC_PCLK2Config   STM32F10xR.LIB(stm32f10x_rcc.o)
    0x08001e1c   0x0000000c   Code   RO         2138    i.RCC_PLLCmd        STM32F10xR.LIB(stm32f10x_rcc.o)
    0x08001e28   0x00000014   Code   RO         2137    i.RCC_PLLConfig     STM32F10xR.LIB(stm32f10x_rcc.o)
    0x08001e3c   0x00000014   Code   RO         2139    i.RCC_SYSCLKConfig  STM32F10xR.LIB(stm32f10x_rcc.o)
    0x08001e50   0x00000034   Code   RO         2134    i.RCC_WaitForHSEStartUp  STM32F10xR.LIB(stm32f10x_rcc.o)
    0x08001e84   0x00000002   Code   RO          229    i.RTCAlarm_IRQHandler  stm32f10x_it.o
    0x08001e86   0x00000002   Code   RO          230    i.RTC_IRQHandler    stm32f10x_it.o
    0x08001e88   0x00000098   Code   RO          562    i.SELECT_PLANE      canon_pre.o
    0x08001f20   0x00000054   Code   RO          563    i.SELECT_TOOL       canon_pre.o
    0x08001f74   0x00000064   Code   RO          565    i.SET_FEED_RATE     canon_pre.o
    0x08001fd8   0x00000084   Code   RO          566    i.SET_FEED_REFERENCE  canon_pre.o
    0x0800205c   0x00000180   Code   RO          567    i.SET_MOTION_CONTROL_MODE  canon_pre.o
    0x080021dc   0x000000f0   Code   RO          568    i.SET_ORIGIN_OFFSETS  canon_pre.o
    0x080022cc   0x00000068   Code   RO          569    i.SET_SPINDLE_SPEED  canon_pre.o
    0x08002334   0x00000002   Code   RO          231    i.SPI1_IRQHandler   stm32f10x_it.o
    0x08002336   0x00000002   Code   RO          232    i.SPI2_IRQHandler   stm32f10x_it.o
    0x08002338   0x00000058   Code   RO          574    i.START_SPEED_FEED_SYNCH  canon_pre.o
    0x08002390   0x0000007c   Code   RO          575    i.START_SPINDLE_CLOCKWISE  canon_pre.o
    0x0800240c   0x00000084   Code   RO          576    i.START_SPINDLE_COUNTERCLOCKWISE  canon_pre.o
    0x08002490   0x00000058   Code   RO          578    i.STOP_SPEED_FEED_SYNCH  canon_pre.o
    0x080024e8   0x00000064   Code   RO          579    i.STOP_SPINDLE_TURNING  canon_pre.o
    0x0800254c   0x00000094   Code   RO          580    i.STRAIGHT_FEED     canon_pre.o
    0x080025e0   0x00000208   Code   RO          581    i.STRAIGHT_PROBE    canon_pre.o
    0x080027e8   0x00000098   Code   RO          582    i.STRAIGHT_TRAVERSE  canon_pre.o
    0x08002880   0x00000002   Code   RO          233    i.SVCHandler        stm32f10x_it.o
    0x08002882   0x00000002   Code   RO          234    i.SysTickHandler    stm32f10x_it.o
    0x08002884   0x00000002   Code   RO          235    i.TAMPER_IRQHandler  stm32f10x_it.o
    0x08002886   0x00000002   Code   RO          236    i.TIM1_BRK_IRQHandler  stm32f10x_it.o
    0x08002888   0x00000002   Code   RO          237    i.TIM1_CC_IRQHandler  stm32f10x_it.o
    0x0800288a   0x00000002   Code   RO          238    i.TIM1_TRG_COM_IRQHandler  stm32f10x_it.o
    0x0800288c   0x00000002   Code   RO          239    i.TIM1_UP_IRQHandler  stm32f10x_it.o
    0x0800288e   0x00000002   Code   RO          240    i.TIM2_IRQHandler   stm32f10x_it.o
    0x08002890   0x00000002   Code   RO          241    i.TIM3_IRQHandler   stm32f10x_it.o
    0x08002892   0x00000002   Code   RO          242    i.TIM4_IRQHandler   stm32f10x_it.o
    0x08002894   0x00000050   Code   RO          583    i.TURN_PROBE_OFF    canon_pre.o
    0x080028e4   0x00000050   Code   RO          584    i.TURN_PROBE_ON     canon_pre.o
    0x08002934   0x00000002   Code   RO          243    i.USART1_IRQHandler  stm32f10x_it.o
    0x08002936   0x00000002   Code   RO          244    i.USART2_IRQHandler  stm32f10x_it.o
    0x08002938   0x00000002   Code   RO          245    i.USART3_IRQHandler  stm32f10x_it.o
    0x0800293a   0x0000001e   Code   RO         2335    i.USART_ClockInit   STM32F10xR.LIB(stm32f10x_usart.o)
    0x08002958   0x00000014   Code   RO         2337    i.USART_Cmd         STM32F10xR.LIB(stm32f10x_usart.o)
    0x0800296c   0x00000064   Code   RO           13    i.USART_Configuration  main.o
    0x080029d0   0x0000000e   Code   RO         2355    i.USART_GetFlagStatus  STM32F10xR.LIB(stm32f10x_usart.o)
    0x080029de   0x00000002   PAD
    0x080029e0   0x00000088   Code   RO         2333    i.USART_Init        STM32F10xR.LIB(stm32f10x_usart.o)
    0x08002a68   0x00000008   Code   RO         2346    i.USART_ReceiveData  STM32F10xR.LIB(stm32f10x_usart.o)
    0x08002a70   0x00000008   Code   RO         2345    i.USART_SendData    STM32F10xR.LIB(stm32f10x_usart.o)
    0x08002a78   0x00000002   Code   RO          246    i.USBWakeUp_IRQHandler  stm32f10x_it.o
    0x08002a7a   0x00000002   Code   RO          247    i.USB_HP_CAN_TX_IRQHandler  stm32f10x_it.o
    0x08002a7c   0x00000002   Code   RO          248    i.USB_LP_CAN_RX0_IRQHandler  stm32f10x_it.o
    0x08002a7e   0x00000002   PAD
    0x08002a80   0x00000234   Code   RO          586    i.USE_LENGTH_UNITS  canon_pre.o
    0x08002cb4   0x00000064   Code   RO          588    i.USE_TOOL_LENGTH_OFFSET  canon_pre.o
    0x08002d18   0x00000002   Code   RO          249    i.UsageFaultException  stm32f10x_it.o
    0x08002d1a   0x00000002   Code   RO          250    i.WWDG_IRQHandler   stm32f10x_it.o
    0x08002d1c   0x0000001c   Code   RO         2955    i.__0fprintf        mc_w.l(printfa.o)
    0x08002d38   0x00000020   Code   RO         2956    i.__0printf         mc_w.l(printfa.o)
    0x08002d58   0x00000028   Code   RO         2958    i.__0sprintf        mc_w.l(printfa.o)
    0x08002d80   0x00000028   Code   RO         3021    i.__ARM_fpclassify  m_ws.l(fpclassify.o)
    0x08002da8   0x00000384   Code   RO         3026    i.__ieee754_rem_pio2  m_ws.l(rred.o)
    0x0800312c   0x000000fc   Code   RO         3016    i.__kernel_cos      m_ws.l(cos_i.o)
    0x08003228   0x000000aa   Code   RO         3023    i.__kernel_poly     m_ws.l(poly.o)
    0x080032d2   0x00000002   PAD
    0x080032d4   0x000000f0   Code   RO         3031    i.__kernel_sin      m_ws.l(sin_i.o)
    0x080033c4   0x0000027c   Code   RO         3037    i.__kernel_tan      m_ws.l(tan_i.o)
    0x08003640   0x00000010   Code   RO         3019    i.__mathlib_dbl_underflow  m_ws.l(dunder.o)
    0x08003650   0x0000000e   Code   RO         3103    i.__scatterload_copy  mc_w.l(handlers.o)
    0x0800365e   0x00000002   Code   RO         3104    i.__scatterload_null  mc_w.l(handlers.o)
    0x08003660   0x0000000e   Code   RO         3105    i.__scatterload_zeroinit  mc_w.l(handlers.o)
    0x0800366e   0x00000002   PAD
    0x08003670   0x0000000c   Code   RO         3061    i.__set_errno       mc_w.l(errno.o)
    0x0800367c   0x00000154   Code   RO         2963    i._fp_digits        mc_w.l(printfa.o)
    0x080037d0   0x0000000e   Code   RO         2990    i._is_digit         mc_w.l(scanf_fp.o)
    0x080037de   0x00000002   PAD
    0x080037e0   0x00000728   Code   RO         2964    i._printf_core      mc_w.l(printfa.o)
    0x08003f08   0x00000026   Code   RO         2965    i._printf_post_padding  mc_w.l(printfa.o)
    0x08003f2e   0x0000002e   Code   RO         2966    i._printf_pre_padding  mc_w.l(printfa.o)
    0x08003f5c   0x0000000a   Code   RO         2968    i._sputc            mc_w.l(printfa.o)
    0x08003f66   0x00000002   PAD
    0x08003f68   0x00000284   Code   RO         2508    i.acos              m_ws.l(acos.o)
    0x080041ec   0x00000258   Code   RO           14    i.adjust_error_handling  main.o
    0x08004444   0x00000194   Code   RO          955    i.arc_data_comp_ijk  rs274ngc_pre.o
    0x080045d8   0x00000394   Code   RO          956    i.arc_data_comp_r   rs274ngc_pre.o
    0x0800496c   0x000001f0   Code   RO          957    i.arc_data_ijk      rs274ngc_pre.o
    0x08004b5c   0x000002bc   Code   RO          958    i.arc_data_r        rs274ngc_pre.o
    0x08004e18   0x00000280   Code   RO         2518    i.asin              m_ws.l(asin.o)
    0x08005098   0x00000224   Code   RO         3007    i.atan              m_ws.l(atan.o)
    0x080052bc   0x00000180   Code   RO         2528    i.atan2             m_ws.l(atan2.o)
    0x0800543c   0x000000dc   Code   RO         2536    i.ceil              m_ws.l(ceil.o)
    0x08005518   0x00000340   Code   RO          959    i.check_g_codes     rs274ngc_pre.o
    0x08005858   0x0000011c   Code   RO          960    i.check_items       rs274ngc_pre.o
    0x08005974   0x0000006c   Code   RO          961    i.check_m_codes     rs274ngc_pre.o
    0x080059e0   0x000003ec   Code   RO          962    i.check_other_codes  rs274ngc_pre.o
    0x08005dcc   0x00000190   Code   RO          963    i.close_and_downcase  rs274ngc_pre.o
    0x08005f5c   0x00000888   Code   RO          964    i.convert_arc       rs274ngc_pre.o
    0x080067e4   0x000001ec   Code   RO          965    i.convert_arc2      rs274ngc_pre.o
    0x080069d0   0x00000368   Code   RO          966    i.convert_arc_comp1  rs274ngc_pre.o
    0x08006d38   0x00000668   Code   RO          967    i.convert_arc_comp2  rs274ngc_pre.o
    0x080073a0   0x000004ac   Code   RO          968    i.convert_axis_offsets  rs274ngc_pre.o
    0x0800784c   0x000000bc   Code   RO          969    i.convert_comment   rs274ngc_pre.o
    0x08007908   0x000000ac   Code   RO          970    i.convert_control_mode  rs274ngc_pre.o
    0x080079b4   0x00000290   Code   RO          971    i.convert_coordinate_system  rs274ngc_pre.o
    0x08007c44   0x0000018c   Code   RO          972    i.convert_cutter_compensation  rs274ngc_pre.o
    0x08007dd0   0x0000005c   Code   RO          973    i.convert_cutter_compensation_off  rs274ngc_pre.o
    0x08007e2c   0x000001bc   Code   RO          974    i.convert_cutter_compensation_on  rs274ngc_pre.o
    0x08007fe8   0x0000027c   Code   RO          975    i.convert_cycle     rs274ngc_pre.o
    0x08008264   0x00000034   Code   RO          976    i.convert_cycle_g81  rs274ngc_pre.o
    0x08008298   0x0000003c   Code   RO          977    i.convert_cycle_g82  rs274ngc_pre.o
    0x080082d4   0x000000e0   Code   RO          978    i.convert_cycle_g83  rs274ngc_pre.o
    0x080083b4   0x000000b4   Code   RO          979    i.convert_cycle_g84  rs274ngc_pre.o
    0x08008468   0x00000034   Code   RO          980    i.convert_cycle_g85  rs274ngc_pre.o
    0x0800849c   0x000000c4   Code   RO          981    i.convert_cycle_g86  rs274ngc_pre.o
    0x08008560   0x00000150   Code   RO          982    i.convert_cycle_g87  rs274ngc_pre.o
    0x080086b0   0x000000b0   Code   RO          983    i.convert_cycle_g88  rs274ngc_pre.o
    0x08008760   0x0000003c   Code   RO          984    i.convert_cycle_g89  rs274ngc_pre.o
    0x0800879c   0x00001230   Code   RO          985    i.convert_cycle_xy  rs274ngc_pre.o
    0x080099cc   0x0000122c   Code   RO          986    i.convert_cycle_yz  rs274ngc_pre.o
    0x0800abf8   0x0000122c   Code   RO          987    i.convert_cycle_zx  rs274ngc_pre.o
    0x0800be24   0x00000108   Code   RO          988    i.convert_distance_mode  rs274ngc_pre.o
    0x0800bf2c   0x00000012   Code   RO          989    i.convert_dwell     rs274ngc_pre.o
    0x0800bf3e   0x00000002   PAD
    0x0800bf40   0x000000f0   Code   RO          990    i.convert_feed_mode  rs274ngc_pre.o
    0x0800c030   0x0000002a   Code   RO          991    i.convert_feed_rate  rs274ngc_pre.o
    0x0800c05a   0x00000002   PAD
    0x0800c05c   0x000004a4   Code   RO          992    i.convert_g         rs274ngc_pre.o
    0x0800c500   0x000001ac   Code   RO          993    i.convert_home      rs274ngc_pre.o
    0x0800c6ac   0x000002f4   Code   RO          994    i.convert_length_units  rs274ngc_pre.o
    0x0800c9a0   0x0000015c   Code   RO          995    i.convert_m         rs274ngc_pre.o
    0x0800cafc   0x000001ac   Code   RO          996    i.convert_modal_0   rs274ngc_pre.o
    0x0800cca8   0x00000234   Code   RO          997    i.convert_motion    rs274ngc_pre.o
    0x0800cedc   0x000002e4   Code   RO          998    i.convert_probe     rs274ngc_pre.o
    0x0800d1c0   0x000000ec   Code   RO          999    i.convert_retract_mode  rs274ngc_pre.o
    0x0800d2ac   0x0000014c   Code   RO         1000    i.convert_set_plane  rs274ngc_pre.o
    0x0800d3f8   0x0000024c   Code   RO         1001    i.convert_setup     rs274ngc_pre.o
    0x0800d644   0x00000034   Code   RO         1002    i.convert_speed     rs274ngc_pre.o
    0x0800d678   0x00000478   Code   RO         1003    i.convert_stop      rs274ngc_pre.o
    0x0800daf0   0x00000370   Code   RO         1004    i.convert_straight  rs274ngc_pre.o
    0x0800de60   0x000002c4   Code   RO         1005    i.convert_straight_comp1  rs274ngc_pre.o
    0x0800e124   0x00000520   Code   RO         1006    i.convert_straight_comp2  rs274ngc_pre.o
    0x0800e644   0x0000002a   Code   RO         1007    i.convert_tool_change  rs274ngc_pre.o
    0x0800e66e   0x00000002   PAD
    0x0800e670   0x00000170   Code   RO         1008    i.convert_tool_length_offset  rs274ngc_pre.o
    0x0800e7e0   0x00000088   Code   RO         1009    i.convert_tool_select  rs274ngc_pre.o
    0x0800e868   0x000000ac   Code   RO         2540    i.cos               m_ws.l(cos.o)
    0x0800e914   0x00000056   Code   RO         1010    i.cycle_feed        rs274ngc_pre.o
    0x0800e96a   0x00000056   Code   RO         1011    i.cycle_traverse    rs274ngc_pre.o
    0x0800e9c0   0x00000070   Code   RO           15    i.designate_parameter_file  main.o
    0x0800ea30   0x0000029c   Code   RO         1012    i.enhance_block     rs274ngc_pre.o
    0x0800eccc   0x000000d8   Code   RO         1013    i.execute_binary    rs274ngc_pre.o
    0x0800eda4   0x00000218   Code   RO         1014    i.execute_binary1   rs274ngc_pre.o
    0x0800efbc   0x000001ac   Code   RO         1015    i.execute_binary2   rs274ngc_pre.o
    0x0800f168   0x00000350   Code   RO         1016    i.execute_block     rs274ngc_pre.o
    0x0800f4b8   0x00000414   Code   RO         1017    i.execute_unary     rs274ngc_pre.o
    0x0800f8cc   0x00000290   Code   RO         2548    i.exp               m_ws.l(exp.o)
    0x0800fb5c   0x0000003c   Code   RO         2637    i.fgets             mc_w.l(fgets.o)
    0x0800fb98   0x000000be   Code   RO         1018    i.find_arc_length   rs274ngc_pre.o
    0x0800fc56   0x00000002   PAD
    0x0800fc58   0x00000318   Code   RO         1019    i.find_ends         rs274ngc_pre.o
    0x0800ff70   0x000000be   Code   RO         1020    i.find_relative     rs274ngc_pre.o
    0x0801002e   0x000000be   Code   RO         1021    i.find_straight_length  rs274ngc_pre.o
    0x080100ec   0x00000130   Code   RO         1022    i.find_turn         rs274ngc_pre.o
    0x0801021c   0x000000dc   Code   RO         2558    i.floor             m_ws.l(floor.o)
    0x080102f8   0x00000098   Code   RO         2562    i.fmod              m_ws.l(fmod.o)
    0x08010390   0x00000024   Code   RO           16    i.fputc             main.o
    0x080103b4   0x00000018   Code   RO         2635    i.fputs             mc_w.l(fputs.o)
    0x080103cc   0x00000030   Code   RO         2639    i.gets              mc_w.l(gets.o)
    0x080103fc   0x000002a0   Code   RO         2570    i.hypot             m_ws.l(hypot.o)
    0x0801069c   0x000000bc   Code   RO         1023    i.init_block        rs274ngc_pre.o
    0x08010758   0x000000f8   Code   RO           18    i.interpret_from_keyboard  main.o
    0x08010850   0x000000b4   Code   RO         1024    i.inverse_time_rate_arc  rs274ngc_pre.o
    0x08010904   0x00000108   Code   RO         1025    i.inverse_time_rate_arc2  rs274ngc_pre.o
    0x08010a0c   0x000000e8   Code   RO         1026    i.inverse_time_rate_as  rs274ngc_pre.o
    0x08010af4   0x000000a4   Code   RO         1027    i.inverse_time_rate_straight  rs274ngc_pre.o
    0x08010b98   0x0000036c   Code   RO         2578    i.log               m_ws.l(log.o)
    0x08010f04   0x000002ac   Code   RO           19    i.main              main.o
    0x080111b0   0x00000180   Code   RO         1028    i.parse_line        rs274ngc_pre.o
    0x08011330   0x000009f8   Code   RO         2588    i.pow               m_ws.l(pow.o)
    0x08011d28   0x0000001e   Code   RO         1029    i.precedence        rs274ngc_pre.o
    0x08011d46   0x00000002   PAD
    0x08011d48   0x000000c8   Code   RO          589    i.print_nc_line_number  canon_pre.o
    0x08011e10   0x000000d8   Code   RO         1030    i.read_a            rs274ngc_pre.o
    0x08011ee8   0x00000178   Code   RO         1031    i.read_atan         rs274ngc_pre.o
    0x08012060   0x000000d8   Code   RO         1032    i.read_b            rs274ngc_pre.o
    0x08012138   0x000000d8   Code   RO         1033    i.read_c            rs274ngc_pre.o
    0x08012210   0x000000b0   Code   RO         1034    i.read_comment      rs274ngc_pre.o
    0x080122c0   0x000001e0   Code   RO         1035    i.read_d            rs274ngc_pre.o
    0x080124a0   0x000001ac   Code   RO         1036    i.read_f            rs274ngc_pre.o
    0x0801264c   0x0000030c   Code   RO         1037    i.read_g            rs274ngc_pre.o
    0x08012958   0x000001e0   Code   RO         1038    i.read_h            rs274ngc_pre.o
    0x08012b38   0x00000140   Code   RO         1039    i.read_i            rs274ngc_pre.o
    0x08012c78   0x000000f0   Code   RO         1040    i.read_integer_unsigned  rs274ngc_pre.o
    0x08012d68   0x00000138   Code   RO         1041    i.read_integer_value  rs274ngc_pre.o
    0x08012ea0   0x00000108   Code   RO         1042    i.read_items        rs274ngc_pre.o
    0x08012fa8   0x00000140   Code   RO         1043    i.read_j            rs274ngc_pre.o
    0x080130e8   0x00000140   Code   RO         1044    i.read_k            rs274ngc_pre.o
    0x08013228   0x00000188   Code   RO         1045    i.read_l            rs274ngc_pre.o
    0x080133b0   0x00000130   Code   RO         1046    i.read_line_number  rs274ngc_pre.o
    0x080134e0   0x00000248   Code   RO         1047    i.read_m            rs274ngc_pre.o
    0x08013728   0x00000130   Code   RO         1048    i.read_one_item     rs274ngc_pre.o
    0x08013858   0x000002f4   Code   RO         1049    i.read_operation    rs274ngc_pre.o
    0x08013b4c   0x000004ec   Code   RO         1050    i.read_operation_unary  rs274ngc_pre.o
    0x08014038   0x000001ac   Code   RO         1051    i.read_p            rs274ngc_pre.o
    0x080141e4   0x00000144   Code   RO         1052    i.read_parameter    rs274ngc_pre.o
    0x08014328   0x00000228   Code   RO         1053    i.read_parameter_setting  rs274ngc_pre.o
    0x08014550   0x000001ac   Code   RO         1054    i.read_q            rs274ngc_pre.o
    0x080146fc   0x00000140   Code   RO         1055    i.read_r            rs274ngc_pre.o
    0x0801483c   0x00000314   Code   RO         1056    i.read_real_expression  rs274ngc_pre.o
    0x08014b50   0x0000019c   Code   RO         1057    i.read_real_number  rs274ngc_pre.o
    0x08014cec   0x00000200   Code   RO         1058    i.read_real_value   rs274ngc_pre.o
    0x08014eec   0x000001ac   Code   RO         1059    i.read_s            rs274ngc_pre.o
    0x08015098   0x00000188   Code   RO         1060    i.read_t            rs274ngc_pre.o
    0x08015220   0x000002f0   Code   RO         1061    i.read_text         rs274ngc_pre.o
    0x08015510   0x00000034   Code   RO           20    i.read_tool_file    main.o
    0x08015544   0x000001ec   Code   RO         1062    i.read_unary        rs274ngc_pre.o
    0x08015730   0x00000140   Code   RO         1063    i.read_x            rs274ngc_pre.o
    0x08015870   0x00000140   Code   RO         1064    i.read_y            rs274ngc_pre.o
    0x080159b0   0x00000140   Code   RO         1065    i.read_z            rs274ngc_pre.o
    0x08015af0   0x000000b0   Code   RO           21    i.report_error      main.o
    0x08015ba0   0x00000024   Code   RO         1066    i.rs274ngc_active_g_codes  rs274ngc_pre.o
    0x08015bc4   0x00000024   Code   RO         1067    i.rs274ngc_active_m_codes  rs274ngc_pre.o
    0x08015be8   0x0000002c   Code   RO         1068    i.rs274ngc_active_settings  rs274ngc_pre.o
    0x08015c14   0x0000003c   Code   RO         1070    i.rs274ngc_error_text  rs274ngc_pre.o
    0x08015c50   0x000000e0   Code   RO         1071    i.rs274ngc_execute  rs274ngc_pre.o
    0x08015d30   0x00000040   Code   RO         1072    i.rs274ngc_exit     rs274ngc_pre.o
    0x08015d70   0x0000030c   Code   RO         1074    i.rs274ngc_init     rs274ngc_pre.o
    0x0801607c   0x0000000c   Code   RO         1075    i.rs274ngc_line_length  rs274ngc_pre.o
    0x08016088   0x00000038   Code   RO         1076    i.rs274ngc_line_text  rs274ngc_pre.o
    0x080160c0   0x000001c0   Code   RO         1079    i.rs274ngc_read     rs274ngc_pre.o
    0x08016280   0x00000018   Code   RO         1080    i.rs274ngc_reset    rs274ngc_pre.o
    0x08016298   0x00000044   Code   RO         1081    i.rs274ngc_restore_parameters  rs274ngc_pre.o
    0x080162dc   0x0000031c   Code   RO         1082    i.rs274ngc_save_parameters  rs274ngc_pre.o
    0x080165f8   0x0000000c   Code   RO         1083    i.rs274ngc_sequence_number  rs274ngc_pre.o
    0x08016604   0x0000004c   Code   RO         1084    i.rs274ngc_stack_name  rs274ngc_pre.o
    0x08016650   0x000000cc   Code   RO         1085    i.rs274ngc_synch    rs274ngc_pre.o
    0x0801671c   0x00000072   Code   RO         1086    i.set_probe_data    rs274ngc_pre.o
    0x0801678e   0x00000002   PAD
    0x08016790   0x000000b0   Code   RO         2598    i.sin               m_ws.l(sin.o)
    0x08016840   0x0000004c   Code   RO         2606    i.sqrt              m_ws.l(sqrt.o)
    0x0801688c   0x0000006c   Code   RO         2614    i.tan               m_ws.l(tan.o)
    0x080168f8   0x00000130   Code   RO         1087    i.write_g_codes     rs274ngc_pre.o
    0x08016a28   0x000000a4   Code   RO         1088    i.write_m_codes     rs274ngc_pre.o
    0x08016acc   0x00000038   Code   RO         1089    i.write_settings    rs274ngc_pre.o
    0x08016b04   0x000013b4   Data   RO         1091    .constdata          rs274ngc_pre.o
    0x08017eb8   0x00000014   Data   RO         2164    .constdata          STM32F10xR.LIB(stm32f10x_rcc.o)
    0x08017ecc   0x00000004   PAD
    0x08017ed0   0x00000050   Data   RO         2509    .constdata          m_ws.l(acos.o)
    0x08017f20   0x00000050   Data   RO         2519    .constdata          m_ws.l(asin.o)
    0x08017f70   0x00000058   Data   RO         2549    .constdata          m_ws.l(exp.o)
    0x08017fc8   0x00000038   Data   RO         2579    .constdata          m_ws.l(log.o)
    0x08018000   0x00000088   Data   RO         2589    .constdata          m_ws.l(pow.o)
    0x08018088   0x00000081   Data   RO         2682    .constdata          mc_w.l(ctype_o.o)
    0x08018109   0x00000003   PAD
    0x0801810c   0x00000004   Data   RO         2683    .constdata          mc_w.l(ctype_o.o)
    0x08018110   0x00000098   Data   RO         3008    .constdata          m_ws.l(atan.o)
    0x080181a8   0x00000030   Data   RO         3017    .constdata          m_ws.l(cos_i.o)
    0x080181d8   0x00000008   Data   RO         3025    .constdata          m_ws.l(qnan.o)
    0x080181e0   0x000000c8   Data   RO         3028    .constdata          m_ws.l(rred.o)
    0x080182a8   0x00000028   Data   RO         3032    .constdata          m_ws.l(sin_i.o)
    0x080182d0   0x00000060   Data   RO         3038    .constdata          m_ws.l(tan_i.o)
    0x08018330   0x000017f6   Data   RO         1092    .conststring        rs274ngc_pre.o
    0x08019b26   0x00000002   PAD
    0x08019b28   0x00000020   Data   RO         3101    Region$$Table       anon$$obj.o


    Execution Region RW_IRAM1 (Base: 0x20000000, Size: 0x0000e5c0, Max: 0x00010000, ABSOLUTE, COMPRESSED[0x00000520])

    Base Addr    Size         Type   Attr      Idx    E Section Name        Object

    0x20000000   0x00000005   Data   RW           22    .data               main.o
    0x20000005   0x00000003   PAD
    0x20000008   0x00000098   Data   RW          591    .data               canon_pre.o
    0x200000a0   0x00000918   Data   RW         1093    .data               rs274ngc_pre.o
    0x200009b8   0x00000008   Data   RW         2163    .data               STM32F10xR.LIB(stm32f10x_rcc.o)
    0x200009c0   0x00000004   Data   RW         2679    .data               mc_w.l(stdout.o)
    0x200009c4   0x00000004   Data   RW         2680    .data               mc_w.l(stderr.o)
    0x200009c8   0x00000004   Data   RW         3048    .data               mc_w.l(stdin.o)
    0x200009cc   0x00000004   Data   RW         3062    .data               mc_w.l(errno.o)
    0x200009d0   0x00000c68   Zero   RW          590    .bss                canon_pre.o
    0x20001638   0x0000cd88   Zero   RW         1090    .bss                rs274ngc_pre.o
    0x2000e3c0   0x00000200   Zero   RW            1    STACK               stm32f10x.o


==============================================================================

Image component sizes


      Code (inc. data)   RO Data    RW Data    ZI Data      Debug   Object Name

      5582       2242          0        152       3176      27564   canon_pre.o
      2210        828          0          5          0      27976   main.o
     66352       2808      11178       2328      52616     107783   rs274ngc_pre.o
         8          4        236          0        512        288   stm32f10x.o
       104          0          0          0          0      18051   stm32f10x_it.o

    ----------------------------------------------------------------------
     74280       5882      11448       2488      56304     181662   Object Totals
         0          0         32          0          0          0   (incl. Generated)
        24          0          2          3          0          0   (incl. Padding)

    ----------------------------------------------------------------------

      Code (inc. data)   RO Data    RW Data    ZI Data      Debug   Library Member Name

        48         12          0          0          0      17005   stm32f10x_flash.o
       160          0          0          0          0      15568   stm32f10x_gpio.o
        20          8          0          0          0        470   stm32f10x_nvic.o
       512         88         20          8          0       8549   stm32f10x_rcc.o
       216          6          0          0          0      10746   stm32f10x_usart.o
       644         60         80          0          0        196   acos.o
       640         54         80          0          0        176   asin.o
       548         68        152          0          0        128   atan.o
       384         38          0          0          0        144   atan2.o
       220         16          0          0          0         84   ceil.o
       172         10          0          0          0        116   cos.o
       252         22         48          0          0        128   cos_i.o
        16          6          0          0          0         68   dunder.o
       656         90         88          0          0        212   exp.o
       220         16          0          0          0         84   floor.o
       152          4          0          0          0         88   fmod.o
        40          0          0          0          0         68   fpclassify.o
       672         22          0          0          0        164   hypot.o
       876         58         56          0          0        284   log.o
       170          0          0          0          0         96   poly.o
      2552        192        136          0          0        340   pow.o
         0          0          8          0          0          0   qnan.o
       900         74        200          0          0        140   rred.o
       176         10          0          0          0        120   sin.o
       240         14         40          0          0        132   sin_i.o
        76          0          0          0          0         84   sqrt.o
       108          8          0          0          0        108   tan.o
       636         50         96          0          0        176   tan_i.o
        56          8          0          0          0         84   __0sscanf.o
        96          0          0          0          0          0   __dclz77c.o
        32          0          0          0          0         68   _chval.o
       824          6          0          0          0        100   _scanf.o
       334          0          0          0          0         96   _scanf_int.o
        64          0          0          0          0         84   _sgetc.o
         8          4        133          0          0         68   ctype_o.o
         0          0          0          0          0          0   entry.o
         8          4          0          0          0          0   entry2.o
         4          0          0          0          0          0   entry5.o
         8          4          0          0          0          0   entry7.o
        12          6          0          4          0         68   errno.o
         8          0          0          0          0         68   fgetc.o
        60          0          0          0          0         84   fgets.o
        24          0          0          0          0         80   fputs.o
        48          6          0          0          0         80   gets.o
        30          0          0          0          0          0   handlers.o
        36          8          0          0          0         68   init.o
        18          0          0          0          0         76   isspace_o.o
         0          0          0          0          0          0   iusefp.o
         0          0          0          0          0          0   iusesemig.o
        30          0          0          0          0         68   llshl.o
        36          0          0          0          0         68   llsshr.o
        32          0          0          0          0         68   llushr.o
      2366        100          0          0          0        680   printfa.o
        44         10          0          0          0         84   scanf_char.o
       886         14          0          0          0        216   scanf_fp.o
         0          0          0          4          0          0   stderr.o
         0          0          0          4          0          0   stdin.o
         0          0          0          4          0          0   stdout.o
        28          0          0          0          0         68   strcat.o
        28          0          0          0          0         76   strcmp.o
        18          0          0          0          0         68   strcpy.o
        16          0          0          0          0         68   strlen.o
        30          0          0          0          0         80   strncmp.o
        44          0          0          0          0         80   uidiv.o
       100          0          0          0          0         92   uldiv.o
        40          0          0          0          0         68   cdcmple.o
        40          0          0          0          0         68   cdrcmple.o
        56          0          0          0          0         88   d2f.o
       336          0          0          0          0        148   dadd.o
       226          0          0          0          0        100   ddiv.o
       198          0          0          0          0        184   depilogue.o
        62          0          0          0          0         80   dfixi.o
        48          0          0          0          0         68   dfixul.o
        34          0          0          0          0         76   dflti.o
        26          0          0          0          0         76   dfltui.o
        24          0          0          0          0         76   dfltul.o
       226          0          0          0          0         96   dmul.o
       132          0          0          0          0         96   drem.o
        46          0          0          0          0         80   dscalb.o
       162          0          0          0          0        100   dsqrt.o
       108          0          0          0          0        168   fepilogue.o

    ----------------------------------------------------------------------
     18416       1096       1144         24          0      59786   Library Totals
        18          0          7          0          0          0   (incl. Padding)

    ----------------------------------------------------------------------

      Code (inc. data)   RO Data    RW Data    ZI Data      Debug   Library Name

       956        114         20          8          0      52338   STM32F10xR.LIB
     10350        812        984          0          0       3136   m_ws.l
      5328        170        133         16          0       2740   mc_w.l
      1764          0          0          0          0       1572   mf_w.l

    ----------------------------------------------------------------------
     18416       1096       1144         24          0      59786   Library Totals

    ----------------------------------------------------------------------

==============================================================================


      Code (inc. data)   RO Data    RW Data    ZI Data      Debug   

     92696       6978      12592       2512      56304     224012   Grand Totals
     92696       6978      12592       1312      56304     224012   ELF Image Totals (compressed)
     92696       6978      12592       1312          0          0   ROM Totals

==============================================================================

    Total RO  Size (Code + RO Data)               105288 ( 102.82kB)
    Total RW  Size (RW Data + ZI Data)             58816 (  57.44kB)
    Total ROM Size (Code + RO Data + RW Data)     106600 ( 104.10kB)

==============================================================================

